     0,                  Time [s],                            Time [s]
     1,            delta GENROU 1,                   $\delta$ GENROU 1
     2,            delta GENROU 2,                   $\delta$ GENROU 2
     3,            delta GENROU 3,                   $\delta$ GENROU 3
     4,            delta GENROU 4,                   $\delta$ GENROU 4
     5,            delta GENROU 5,                   $\delta$ GENROU 5
     6,            omega GENROU 1,                   $\omega$ GENROU 1
     7,            omega GENROU 2,                   $\omega$ GENROU 2
     8,            omega GENROU 3,                   $\omega$ GENROU 3
     9,            omega GENROU 4,                   $\omega$ GENROU 4
    10,            omega GENROU 5,                   $\omega$ GENROU 5
    11,              e1q GENROU 1,                   ${e'_q}$ GENROU 1
    12,              e1q GENROU 2,                   ${e'_q}$ GENROU 2
    13,              e1q GENROU 3,                   ${e'_q}$ GENROU 3
    14,              e1q GENROU 4,                   ${e'_q}$ GENROU 4
    15,              e1q GENROU 5,                   ${e'_q}$ GENROU 5
    16,              e1d GENROU 1,                   ${e'_d}$ GENROU 1
    17,              e1d GENROU 2,                   ${e'_d}$ GENROU 2
    18,              e1d GENROU 3,                   ${e'_d}$ GENROU 3
    19,              e1d GENROU 4,                   ${e'_d}$ GENROU 4
    20,              e1d GENROU 5,                   ${e'_d}$ GENROU 5
    21,              e2d GENROU 1,                  ${e''_d}$ GENROU 1
    22,              e2d GENROU 2,                  ${e''_d}$ GENROU 2
    23,              e2d GENROU 3,                  ${e''_d}$ GENROU 3
    24,              e2d GENROU 4,                  ${e''_d}$ GENROU 4
    25,              e2d GENROU 5,                  ${e''_d}$ GENROU 5
    26,              e2q GENROU 1,                  ${e''_q}$ GENROU 1
    27,              e2q GENROU 2,                  ${e''_q}$ GENROU 2
    28,              e2q GENROU 3,                  ${e''_q}$ GENROU 3
    29,              e2q GENROU 4,                  ${e''_q}$ GENROU 4
    30,              e2q GENROU 5,                  ${e''_q}$ GENROU 5
    31,             LAG_y TGOV1 1,                   $y_{LAG}$ TGOV1 1
    32,             LAG_y TGOV1 2,                   $y_{LAG}$ TGOV1 2
    33,             LAG_y TGOV1 3,                   $y_{LAG}$ TGOV1 3
    34,             LAG_y TGOV1 4,                   $y_{LAG}$ TGOV1 4
    35,             LAG_y TGOV1 5,                   $y_{LAG}$ TGOV1 5
    36,              LL_x TGOV1 1,                   $x'_{LL}$ TGOV1 1
    37,              LL_x TGOV1 2,                   $x'_{LL}$ TGOV1 2
    38,              LL_x TGOV1 3,                   $x'_{LL}$ TGOV1 3
    39,              LL_x TGOV1 4,                   $x'_{LL}$ TGOV1 4
    40,              LL_x TGOV1 5,                   $x'_{LL}$ TGOV1 5
    41,              LG_y EXST1 1,                    $y_{LG}$ EXST1 1
    42,              LL_x EXST1 1,                   $x'_{LL}$ EXST1 1
    43,              LR_y EXST1 1,                    $y_{LR}$ EXST1 1
    44,              WF_x EXST1 1,                   $x'_{WF}$ EXST1 1
    45,             L_y BusFreq 1,                   $y_{L}$ BusFreq 1
    46,             L_y BusFreq 2,                   $y_{L}$ BusFreq 2
    47,             L_y BusFreq 3,                   $y_{L}$ BusFreq 3
    48,            WO_x BusFreq 1,                 $x'_{WO}$ BusFreq 1
    49,            WO_x BusFreq 2,                 $x'_{WO}$ BusFreq 2
    50,            WO_x BusFreq 3,                 $x'_{WO}$ BusFreq 3
    51,                   a Bus 1,                      $\theta$ Bus 1
    52,                   a Bus 2,                      $\theta$ Bus 2
    53,                   a Bus 3,                      $\theta$ Bus 3
    54,                   a Bus 4,                      $\theta$ Bus 4
    55,                   a Bus 5,                      $\theta$ Bus 5
    56,                   a Bus 6,                      $\theta$ Bus 6
    57,                   a Bus 7,                      $\theta$ Bus 7
    58,                   a Bus 8,                      $\theta$ Bus 8
    59,                   a Bus 9,                      $\theta$ Bus 9
    60,                  a Bus 10,                     $\theta$ Bus 10
    61,                  a Bus 11,                     $\theta$ Bus 11
    62,                  a Bus 12,                     $\theta$ Bus 12
    63,                  a Bus 13,                     $\theta$ Bus 13
    64,                  a Bus 14,                     $\theta$ Bus 14
    65,                   v Bus 1,                           $V$ Bus 1
    66,                   v Bus 2,                           $V$ Bus 2
    67,                   v Bus 3,                           $V$ Bus 3
    68,                   v Bus 4,                           $V$ Bus 4
    69,                   v Bus 5,                           $V$ Bus 5
    70,                   v Bus 6,                           $V$ Bus 6
    71,                   v Bus 7,                           $V$ Bus 7
    72,                   v Bus 8,                           $V$ Bus 8
    73,                   v Bus 9,                           $V$ Bus 9
    74,                  v Bus 10,                          $V$ Bus 10
    75,                  v Bus 11,                          $V$ Bus 11
    76,                  v Bus 12,                          $V$ Bus 12
    77,                  v Bus 13,                          $V$ Bus 13
    78,                  v Bus 14,                          $V$ Bus 14
    79,                    q PV 2,                            $q$ PV 2
    80,                    q PV 3,                            $q$ PV 3
    81,                    q PV 4,                            $q$ PV 4
    82,                    q PV 5,                            $q$ PV 5
    83,                 q Slack 1,                         $q$ Slack 1
    84,                 p Slack 1,                         $p$ Slack 1
    85,               Id GENROU 1,                      $I_d$ GENROU 1
    86,               Id GENROU 2,                      $I_d$ GENROU 2
    87,               Id GENROU 3,                      $I_d$ GENROU 3
    88,               Id GENROU 4,                      $I_d$ GENROU 4
    89,               Id GENROU 5,                      $I_d$ GENROU 5
    90,               Iq GENROU 1,                      $I_q$ GENROU 1
    91,               Iq GENROU 2,                      $I_q$ GENROU 2
    92,               Iq GENROU 3,                      $I_q$ GENROU 3
    93,               Iq GENROU 4,                      $I_q$ GENROU 4
    94,               Iq GENROU 5,                      $I_q$ GENROU 5
    95,               vd GENROU 1,                      $V_d$ GENROU 1
    96,               vd GENROU 2,                      $V_d$ GENROU 2
    97,               vd GENROU 3,                      $V_d$ GENROU 3
    98,               vd GENROU 4,                      $V_d$ GENROU 4
    99,               vd GENROU 5,                      $V_d$ GENROU 5
   100,               vq GENROU 1,                      $V_q$ GENROU 1
   101,               vq GENROU 2,                      $V_q$ GENROU 2
   102,               vq GENROU 3,                      $V_q$ GENROU 3
   103,               vq GENROU 4,                      $V_q$ GENROU 4
   104,               vq GENROU 5,                      $V_q$ GENROU 5
   105,               tm GENROU 1,                   $\tau_m$ GENROU 1
   106,               tm GENROU 2,                   $\tau_m$ GENROU 2
   107,               tm GENROU 3,                   $\tau_m$ GENROU 3
   108,               tm GENROU 4,                   $\tau_m$ GENROU 4
   109,               tm GENROU 5,                   $\tau_m$ GENROU 5
   110,               te GENROU 1,                   $\tau_e$ GENROU 1
   111,               te GENROU 2,                   $\tau_e$ GENROU 2
   112,               te GENROU 3,                   $\tau_e$ GENROU 3
   113,               te GENROU 4,                   $\tau_e$ GENROU 4
   114,               te GENROU 5,                   $\tau_e$ GENROU 5
   115,               vf GENROU 1,                      $v_f$ GENROU 1
   116,               vf GENROU 2,                      $v_f$ GENROU 2
   117,               vf GENROU 3,                      $v_f$ GENROU 3
   118,               vf GENROU 4,                      $v_f$ GENROU 4
   119,               vf GENROU 5,                      $v_f$ GENROU 5
   120,           XadIfd GENROU 1,             $X_{ad}I_{fd}$ GENROU 1
   121,           XadIfd GENROU 2,             $X_{ad}I_{fd}$ GENROU 2
   122,           XadIfd GENROU 3,             $X_{ad}I_{fd}$ GENROU 3
   123,           XadIfd GENROU 4,             $X_{ad}I_{fd}$ GENROU 4
   124,           XadIfd GENROU 5,             $X_{ad}I_{fd}$ GENROU 5
   125,               Pe GENROU 1,                      $P_e$ GENROU 1
   126,               Pe GENROU 2,                      $P_e$ GENROU 2
   127,               Pe GENROU 3,                      $P_e$ GENROU 3
   128,               Pe GENROU 4,                      $P_e$ GENROU 4
   129,               Pe GENROU 5,                      $P_e$ GENROU 5
   130,               Qe GENROU 1,                      $Q_e$ GENROU 1
   131,               Qe GENROU 2,                      $Q_e$ GENROU 2
   132,               Qe GENROU 3,                      $Q_e$ GENROU 3
   133,               Qe GENROU 4,                      $Q_e$ GENROU 4
   134,               Qe GENROU 5,                      $Q_e$ GENROU 5
   135,             psid GENROU 1,                   $\psi_d$ GENROU 1
   136,             psid GENROU 2,                   $\psi_d$ GENROU 2
   137,             psid GENROU 3,                   $\psi_d$ GENROU 3
   138,             psid GENROU 4,                   $\psi_d$ GENROU 4
   139,             psid GENROU 5,                   $\psi_d$ GENROU 5
   140,             psiq GENROU 1,                   $\psi_q$ GENROU 1
   141,             psiq GENROU 2,                   $\psi_q$ GENROU 2
   142,             psiq GENROU 3,                   $\psi_q$ GENROU 3
   143,             psiq GENROU 4,                   $\psi_q$ GENROU 4
   144,             psiq GENROU 5,                   $\psi_q$ GENROU 5
   145,            psi2q GENROU 1,                $\psi_{aq}$ GENROU 1
   146,            psi2q GENROU 2,                $\psi_{aq}$ GENROU 2
   147,            psi2q GENROU 3,                $\psi_{aq}$ GENROU 3
   148,            psi2q GENROU 4,                $\psi_{aq}$ GENROU 4
   149,            psi2q GENROU 5,                $\psi_{aq}$ GENROU 5
   150,            psi2d GENROU 1,                $\psi_{ad}$ GENROU 1
   151,            psi2d GENROU 2,                $\psi_{ad}$ GENROU 2
   152,            psi2d GENROU 3,                $\psi_{ad}$ GENROU 3
   153,            psi2d GENROU 4,                $\psi_{ad}$ GENROU 4
   154,            psi2d GENROU 5,                $\psi_{ad}$ GENROU 5
   155,             psi2 GENROU 1,                   $\psi_a$ GENROU 1
   156,             psi2 GENROU 2,                   $\psi_a$ GENROU 2
   157,             psi2 GENROU 3,                   $\psi_a$ GENROU 3
   158,             psi2 GENROU 4,                   $\psi_a$ GENROU 4
   159,             psi2 GENROU 5,                   $\psi_a$ GENROU 5
   160,               Se GENROU 1,          $S_e(|\psi_{a}|)$ GENROU 1
   161,               Se GENROU 2,          $S_e(|\psi_{a}|)$ GENROU 2
   162,               Se GENROU 3,          $S_e(|\psi_{a}|)$ GENROU 3
   163,               Se GENROU 4,          $S_e(|\psi_{a}|)$ GENROU 4
   164,               Se GENROU 5,          $S_e(|\psi_{a}|)$ GENROU 5
   165,           XaqI1q GENROU 1,             $X_{aq}I_{1q}$ GENROU 1
   166,           XaqI1q GENROU 2,             $X_{aq}I_{1q}$ GENROU 2
   167,           XaqI1q GENROU 3,             $X_{aq}I_{1q}$ GENROU 3
   168,           XaqI1q GENROU 4,             $X_{aq}I_{1q}$ GENROU 4
   169,           XaqI1q GENROU 5,             $X_{aq}I_{1q}$ GENROU 5
   170,              paux TGOV1 1,                   $P_{aux}$ TGOV1 1
   171,              paux TGOV1 2,                   $P_{aux}$ TGOV1 2
   172,              paux TGOV1 3,                   $P_{aux}$ TGOV1 3
   173,              paux TGOV1 4,                   $P_{aux}$ TGOV1 4
   174,              paux TGOV1 5,                   $P_{aux}$ TGOV1 5
   175,              pout TGOV1 1,                   $P_{out}$ TGOV1 1
   176,              pout TGOV1 2,                   $P_{out}$ TGOV1 2
   177,              pout TGOV1 3,                   $P_{out}$ TGOV1 3
   178,              pout TGOV1 4,                   $P_{out}$ TGOV1 4
   179,              pout TGOV1 5,                   $P_{out}$ TGOV1 5
   180,              wref TGOV1 1,              $\omega_{ref}$ TGOV1 1
   181,              wref TGOV1 2,              $\omega_{ref}$ TGOV1 2
   182,              wref TGOV1 3,              $\omega_{ref}$ TGOV1 3
   183,              wref TGOV1 4,              $\omega_{ref}$ TGOV1 4
   184,              wref TGOV1 5,              $\omega_{ref}$ TGOV1 5
   185,              pref TGOV1 1,                   $P_{ref}$ TGOV1 1
   186,              pref TGOV1 2,                   $P_{ref}$ TGOV1 2
   187,              pref TGOV1 3,                   $P_{ref}$ TGOV1 3
   188,              pref TGOV1 4,                   $P_{ref}$ TGOV1 4
   189,              pref TGOV1 5,                   $P_{ref}$ TGOV1 5
   190,                wd TGOV1 1,              $\omega_{dev}$ TGOV1 1
   191,                wd TGOV1 2,              $\omega_{dev}$ TGOV1 2
   192,                wd TGOV1 3,              $\omega_{dev}$ TGOV1 3
   193,                wd TGOV1 4,              $\omega_{dev}$ TGOV1 4
   194,                wd TGOV1 5,              $\omega_{dev}$ TGOV1 5
   195,                pd TGOV1 1,                       $P_d$ TGOV1 1
   196,                pd TGOV1 2,                       $P_d$ TGOV1 2
   197,                pd TGOV1 3,                       $P_d$ TGOV1 3
   198,                pd TGOV1 4,                       $P_d$ TGOV1 4
   199,                pd TGOV1 5,                       $P_d$ TGOV1 5
   200,              LL_y TGOV1 1,                    $y_{LL}$ TGOV1 1
   201,              LL_y TGOV1 2,                    $y_{LL}$ TGOV1 2
   202,              LL_y TGOV1 3,                    $y_{LL}$ TGOV1 3
   203,              LL_y TGOV1 4,                    $y_{LL}$ TGOV1 4
   204,              LL_y TGOV1 5,                    $y_{LL}$ TGOV1 5
   205,                 v EXST1 1,                  $E_{term}$ EXST1 1
   206,              vout EXST1 1,                   $v_{out}$ EXST1 1
   207,              vref EXST1 1,                   $V_{ref}$ EXST1 1
   208,                vi EXST1 1,                       $V_i$ EXST1 1
   209,                vl EXST1 1,                       $V_l$ EXST1 1
   210,              LL_y EXST1 1,                    $y_{LL}$ EXST1 1
   211,              WF_y EXST1 1,                    $y_{WF}$ EXST1 1
   212,             vfmax EXST1 1,                  $V_{fmax}$ EXST1 1
   213,             vfmin EXST1 1,                  $V_{fmin}$ EXST1 1
   214,            WO_y BusFreq 1,                  $y_{WO}$ BusFreq 1
   215,            WO_y BusFreq 2,                  $y_{WO}$ BusFreq 2
   216,            WO_y BusFreq 3,                  $y_{WO}$ BusFreq 3
   217,               f BusFreq 1,                       $f$ BusFreq 1
   218,               f BusFreq 2,                       $f$ BusFreq 2
   219,               f BusFreq 3,                       $f$ BusFreq 3
