     0,                  Time [s],                            Time [s]
     1,            delta GENCLS 0,                   $\delta$ GENCLS 0
     2,            delta GENCLS 2,                   $\delta$ GENCLS 2
     3,            delta GENCLS 3,                   $\delta$ GENCLS 3
     4,            delta GENCLS 4,                   $\delta$ GENCLS 4
     5,            omega GENCLS 0,                   $\omega$ GENCLS 0
     6,            omega GENCLS 2,                   $\omega$ GENCLS 2
     7,            omega GENCLS 3,                   $\omega$ GENCLS 3
     8,            omega GENCLS 4,                   $\omega$ GENCLS 4
     9,                ll_x TG2 1,                     $x'_{ll}$ TG2 1
    10,                ll_x TG2 2,                     $x'_{ll}$ TG2 2
    11,                ll_x TG2 3,                     $x'_{ll}$ TG2 3
    12,                ll_x TG2 4,                     $x'_{ll}$ TG2 4
    13,                   a Bus 0,                      $\theta$ Bus 0
    14,                   a Bus 1,                      $\theta$ Bus 1
    15,                   a Bus 2,                      $\theta$ Bus 2
    16,                   a Bus 3,                      $\theta$ Bus 3
    17,                   a Bus 4,                      $\theta$ Bus 4
    18,                   v Bus 0,                           $V$ Bus 0
    19,                   v Bus 1,                           $V$ Bus 1
    20,                   v Bus 2,                           $V$ Bus 2
    21,                   v Bus 3,                           $V$ Bus 3
    22,                   v Bus 4,                           $V$ Bus 4
    23,                    q PV 0,                            $q$ PV 0
    24,                    q PV 2,                            $q$ PV 2
    25,                    q PV 4,                            $q$ PV 4
    26,                 q Slack 3,                         $q$ Slack 3
    27,                 p Slack 3,                         $p$ Slack 3
    28,                idd Line 0,                        $idd$ Line 0
    29,                idd Line 1,                        $idd$ Line 1
    30,                idd Line 2,                        $idd$ Line 2
    31,                idd Line 3,                        $idd$ Line 3
    32,                idd Line 4,                        $idd$ Line 4
    33,                idd Line 5,                        $idd$ Line 5
    34,                idd Line 6,                        $idd$ Line 6
    35,                iqq Line 0,                        $iqq$ Line 0
    36,                iqq Line 1,                        $iqq$ Line 1
    37,                iqq Line 2,                        $iqq$ Line 2
    38,                iqq Line 3,                        $iqq$ Line 3
    39,                iqq Line 4,                        $iqq$ Line 4
    40,                iqq Line 5,                        $iqq$ Line 5
    41,                iqq Line 6,                        $iqq$ Line 6
    42,               Id GENCLS 0,                      $I_d$ GENCLS 0
    43,               Id GENCLS 2,                      $I_d$ GENCLS 2
    44,               Id GENCLS 3,                      $I_d$ GENCLS 3
    45,               Id GENCLS 4,                      $I_d$ GENCLS 4
    46,               Iq GENCLS 0,                      $I_q$ GENCLS 0
    47,               Iq GENCLS 2,                      $I_q$ GENCLS 2
    48,               Iq GENCLS 3,                      $I_q$ GENCLS 3
    49,               Iq GENCLS 4,                      $I_q$ GENCLS 4
    50,               vd GENCLS 0,                      $V_d$ GENCLS 0
    51,               vd GENCLS 2,                      $V_d$ GENCLS 2
    52,               vd GENCLS 3,                      $V_d$ GENCLS 3
    53,               vd GENCLS 4,                      $V_d$ GENCLS 4
    54,               vq GENCLS 0,                      $V_q$ GENCLS 0
    55,               vq GENCLS 2,                      $V_q$ GENCLS 2
    56,               vq GENCLS 3,                      $V_q$ GENCLS 3
    57,               vq GENCLS 4,                      $V_q$ GENCLS 4
    58,               tm GENCLS 0,                   $\tau_m$ GENCLS 0
    59,               tm GENCLS 2,                   $\tau_m$ GENCLS 2
    60,               tm GENCLS 3,                   $\tau_m$ GENCLS 3
    61,               tm GENCLS 4,                   $\tau_m$ GENCLS 4
    62,               te GENCLS 0,                   $\tau_e$ GENCLS 0
    63,               te GENCLS 2,                   $\tau_e$ GENCLS 2
    64,               te GENCLS 3,                   $\tau_e$ GENCLS 3
    65,               te GENCLS 4,                   $\tau_e$ GENCLS 4
    66,               vf GENCLS 0,                      $v_f$ GENCLS 0
    67,               vf GENCLS 2,                      $v_f$ GENCLS 2
    68,               vf GENCLS 3,                      $v_f$ GENCLS 3
    69,               vf GENCLS 4,                      $v_f$ GENCLS 4
    70,           XadIfd GENCLS 0,             $X_{ad}I_{fd}$ GENCLS 0
    71,           XadIfd GENCLS 2,             $X_{ad}I_{fd}$ GENCLS 2
    72,           XadIfd GENCLS 3,             $X_{ad}I_{fd}$ GENCLS 3
    73,           XadIfd GENCLS 4,             $X_{ad}I_{fd}$ GENCLS 4
    74,               Pe GENCLS 0,                      $P_e$ GENCLS 0
    75,               Pe GENCLS 2,                      $P_e$ GENCLS 2
    76,               Pe GENCLS 3,                      $P_e$ GENCLS 3
    77,               Pe GENCLS 4,                      $P_e$ GENCLS 4
    78,               Qe GENCLS 0,                      $Q_e$ GENCLS 0
    79,               Qe GENCLS 2,                      $Q_e$ GENCLS 2
    80,               Qe GENCLS 3,                      $Q_e$ GENCLS 3
    81,               Qe GENCLS 4,                      $Q_e$ GENCLS 4
    82,             psid GENCLS 0,                   $\psi_d$ GENCLS 0
    83,             psid GENCLS 2,                   $\psi_d$ GENCLS 2
    84,             psid GENCLS 3,                   $\psi_d$ GENCLS 3
    85,             psid GENCLS 4,                   $\psi_d$ GENCLS 4
    86,             psiq GENCLS 0,                   $\psi_q$ GENCLS 0
    87,             psiq GENCLS 2,                   $\psi_q$ GENCLS 2
    88,             psiq GENCLS 3,                   $\psi_q$ GENCLS 3
    89,             psiq GENCLS 4,                   $\psi_q$ GENCLS 4
    90,                paux TG2 1,                     $P_{aux}$ TG2 1
    91,                paux TG2 2,                     $P_{aux}$ TG2 2
    92,                paux TG2 3,                     $P_{aux}$ TG2 3
    93,                paux TG2 4,                     $P_{aux}$ TG2 4
    94,                pout TG2 1,                     $P_{out}$ TG2 1
    95,                pout TG2 2,                     $P_{out}$ TG2 2
    96,                pout TG2 3,                     $P_{out}$ TG2 3
    97,                pout TG2 4,                     $P_{out}$ TG2 4
    98,                wref TG2 1,                $\omega_{ref}$ TG2 1
    99,                wref TG2 2,                $\omega_{ref}$ TG2 2
   100,                wref TG2 3,                $\omega_{ref}$ TG2 3
   101,                wref TG2 4,                $\omega_{ref}$ TG2 4
   102,                 w_d TG2 1,                $\omega_{dev}$ TG2 1
   103,                 w_d TG2 2,                $\omega_{dev}$ TG2 2
   104,                 w_d TG2 3,                $\omega_{dev}$ TG2 3
   105,                 w_d TG2 4,                $\omega_{dev}$ TG2 4
   106,                w_dm TG2 1,                 $\omega_{dm}$ TG2 1
   107,                w_dm TG2 2,                 $\omega_{dm}$ TG2 2
   108,                w_dm TG2 3,                 $\omega_{dm}$ TG2 3
   109,                w_dm TG2 4,                 $\omega_{dm}$ TG2 4
   110,               w_dmg TG2 1,                $\omega_{dmG}$ TG2 1
   111,               w_dmg TG2 2,                $\omega_{dmG}$ TG2 2
   112,               w_dmg TG2 3,                $\omega_{dmG}$ TG2 3
   113,               w_dmg TG2 4,                $\omega_{dmG}$ TG2 4
   114,                ll_y TG2 1,                      $y_{ll}$ TG2 1
   115,                ll_y TG2 2,                      $y_{ll}$ TG2 2
   116,                ll_y TG2 3,                      $y_{ll}$ TG2 3
   117,                ll_y TG2 4,                      $y_{ll}$ TG2 4
   118,                 pnl TG2 1,                      $P_{nl}$ TG2 1
   119,                 pnl TG2 2,                      $P_{nl}$ TG2 2
   120,                 pnl TG2 3,                      $P_{nl}$ TG2 3
   121,                 pnl TG2 4,                      $P_{nl}$ TG2 4
