     0,                  Time [s],                            Time [s]
     1,            delta GENCLS 1,                   $\delta$ GENCLS 1
     2,            delta GENCLS 2,                   $\delta$ GENCLS 2
     3,            omega GENCLS 1,                   $\omega$ GENCLS 1
     4,            omega GENCLS 2,                   $\omega$ GENCLS 2
     5,                   a Bus 1,                      $\theta$ Bus 1
     6,                   a Bus 2,                      $\theta$ Bus 2
     7,                   a Bus 3,                      $\theta$ Bus 3
     8,                   v Bus 1,                           $V$ Bus 1
     9,                   v Bus 2,                           $V$ Bus 2
    10,                   v Bus 3,                           $V$ Bus 3
    11,                    q PV 1,                            $q$ PV 1
    12,                 q Slack 1,                         $q$ Slack 1
    13,                 p Slack 1,                         $p$ Slack 1
    14,               Id GENCLS 1,                      $I_d$ GENCLS 1
    15,               Id GENCLS 2,                      $I_d$ GENCLS 2
    16,               Iq GENCLS 1,                      $I_q$ GENCLS 1
    17,               Iq GENCLS 2,                      $I_q$ GENCLS 2
    18,               vd GENCLS 1,                      $V_d$ GENCLS 1
    19,               vd GENCLS 2,                      $V_d$ GENCLS 2
    20,               vq GENCLS 1,                      $V_q$ GENCLS 1
    21,               vq GENCLS 2,                      $V_q$ GENCLS 2
    22,               tm GENCLS 1,                   $\tau_m$ GENCLS 1
    23,               tm GENCLS 2,                   $\tau_m$ GENCLS 2
    24,               te GENCLS 1,                   $\tau_e$ GENCLS 1
    25,               te GENCLS 2,                   $\tau_e$ GENCLS 2
    26,               vf GENCLS 1,                      $v_f$ GENCLS 1
    27,               vf GENCLS 2,                      $v_f$ GENCLS 2
    28,           XadIfd GENCLS 1,             $X_{ad}I_{fd}$ GENCLS 1
    29,           XadIfd GENCLS 2,             $X_{ad}I_{fd}$ GENCLS 2
    30,               Pe GENCLS 1,                      $P_e$ GENCLS 1
    31,               Pe GENCLS 2,                      $P_e$ GENCLS 2
    32,               Qe GENCLS 1,                      $Q_e$ GENCLS 1
    33,               Qe GENCLS 2,                      $Q_e$ GENCLS 2
    34,             psid GENCLS 1,                   $\psi_d$ GENCLS 1
    35,             psid GENCLS 2,                   $\psi_d$ GENCLS 2
    36,             psiq GENCLS 1,                   $\psi_q$ GENCLS 1
    37,             psiq GENCLS 2,                   $\psi_q$ GENCLS 2
