     0,                  Time [s],                            Time [s]
     1,            delta GENCLS 1,                   $\delta$ GENCLS 1
     2,            delta GENCLS 2,                   $\delta$ GENCLS 2
     3,            delta GENCLS 3,                   $\delta$ GENCLS 3
     4,            delta GENCLS 4,                   $\delta$ GENCLS 4
     5,            delta GENCLS 5,                   $\delta$ GENCLS 5
     6,            delta GENCLS 6,                   $\delta$ GENCLS 6
     7,            delta GENCLS 7,                   $\delta$ GENCLS 7
     8,            delta GENCLS 8,                   $\delta$ GENCLS 8
     9,            delta GENCLS 9,                   $\delta$ GENCLS 9
    10,           delta GENCLS 10,                  $\delta$ GENCLS 10
    11,           delta GENCLS 11,                  $\delta$ GENCLS 11
    12,           delta GENCLS 12,                  $\delta$ GENCLS 12
    13,           delta GENCLS 13,                  $\delta$ GENCLS 13
    14,           delta GENCLS 14,                  $\delta$ GENCLS 14
    15,           delta GENCLS 15,                  $\delta$ GENCLS 15
    16,           delta GENCLS 16,                  $\delta$ GENCLS 16
    17,           delta GENCLS 17,                  $\delta$ GENCLS 17
    18,           delta GENCLS 18,                  $\delta$ GENCLS 18
    19,           delta GENCLS 19,                  $\delta$ GENCLS 19
    20,           delta GENCLS 20,                  $\delta$ GENCLS 20
    21,           delta GENCLS 21,                  $\delta$ GENCLS 21
    22,           delta GENCLS 22,                  $\delta$ GENCLS 22
    23,           delta GENCLS 23,                  $\delta$ GENCLS 23
    24,           delta GENCLS 24,                  $\delta$ GENCLS 24
    25,           delta GENCLS 25,                  $\delta$ GENCLS 25
    26,           delta GENCLS 26,                  $\delta$ GENCLS 26
    27,           delta GENCLS 27,                  $\delta$ GENCLS 27
    28,           delta GENCLS 28,                  $\delta$ GENCLS 28
    29,           delta GENCLS 29,                  $\delta$ GENCLS 29
    30,            omega GENCLS 1,                   $\omega$ GENCLS 1
    31,            omega GENCLS 2,                   $\omega$ GENCLS 2
    32,            omega GENCLS 3,                   $\omega$ GENCLS 3
    33,            omega GENCLS 4,                   $\omega$ GENCLS 4
    34,            omega GENCLS 5,                   $\omega$ GENCLS 5
    35,            omega GENCLS 6,                   $\omega$ GENCLS 6
    36,            omega GENCLS 7,                   $\omega$ GENCLS 7
    37,            omega GENCLS 8,                   $\omega$ GENCLS 8
    38,            omega GENCLS 9,                   $\omega$ GENCLS 9
    39,           omega GENCLS 10,                  $\omega$ GENCLS 10
    40,           omega GENCLS 11,                  $\omega$ GENCLS 11
    41,           omega GENCLS 12,                  $\omega$ GENCLS 12
    42,           omega GENCLS 13,                  $\omega$ GENCLS 13
    43,           omega GENCLS 14,                  $\omega$ GENCLS 14
    44,           omega GENCLS 15,                  $\omega$ GENCLS 15
    45,           omega GENCLS 16,                  $\omega$ GENCLS 16
    46,           omega GENCLS 17,                  $\omega$ GENCLS 17
    47,           omega GENCLS 18,                  $\omega$ GENCLS 18
    48,           omega GENCLS 19,                  $\omega$ GENCLS 19
    49,           omega GENCLS 20,                  $\omega$ GENCLS 20
    50,           omega GENCLS 21,                  $\omega$ GENCLS 21
    51,           omega GENCLS 22,                  $\omega$ GENCLS 22
    52,           omega GENCLS 23,                  $\omega$ GENCLS 23
    53,           omega GENCLS 24,                  $\omega$ GENCLS 24
    54,           omega GENCLS 25,                  $\omega$ GENCLS 25
    55,           omega GENCLS 26,                  $\omega$ GENCLS 26
    56,           omega GENCLS 27,                  $\omega$ GENCLS 27
    57,           omega GENCLS 28,                  $\omega$ GENCLS 28
    58,           omega GENCLS 29,                  $\omega$ GENCLS 29
    59,                   a Bus 2,                      $\theta$ Bus 2
    60,                   a Bus 3,                      $\theta$ Bus 3
    61,                   a Bus 4,                      $\theta$ Bus 4
    62,                   a Bus 5,                      $\theta$ Bus 5
    63,                   a Bus 6,                      $\theta$ Bus 6
    64,                   a Bus 7,                      $\theta$ Bus 7
    65,                   a Bus 8,                      $\theta$ Bus 8
    66,                   a Bus 9,                      $\theta$ Bus 9
    67,                  a Bus 10,                     $\theta$ Bus 10
    68,                  a Bus 11,                     $\theta$ Bus 11
    69,                  a Bus 12,                     $\theta$ Bus 12
    70,                  a Bus 13,                     $\theta$ Bus 13
    71,                  a Bus 14,                     $\theta$ Bus 14
    72,                  a Bus 15,                     $\theta$ Bus 15
    73,                  a Bus 16,                     $\theta$ Bus 16
    74,                  a Bus 17,                     $\theta$ Bus 17
    75,                  a Bus 18,                     $\theta$ Bus 18
    76,                  a Bus 19,                     $\theta$ Bus 19
    77,                  a Bus 20,                     $\theta$ Bus 20
    78,                  a Bus 21,                     $\theta$ Bus 21
    79,                  a Bus 22,                     $\theta$ Bus 22
    80,                  a Bus 23,                     $\theta$ Bus 23
    81,                  a Bus 24,                     $\theta$ Bus 24
    82,                  a Bus 25,                     $\theta$ Bus 25
    83,                  a Bus 26,                     $\theta$ Bus 26
    84,                  a Bus 27,                     $\theta$ Bus 27
    85,                  a Bus 28,                     $\theta$ Bus 28
    86,                  a Bus 29,                     $\theta$ Bus 29
    87,                  a Bus 30,                     $\theta$ Bus 30
    88,                  a Bus 31,                     $\theta$ Bus 31
    89,                  a Bus 32,                     $\theta$ Bus 32
    90,                  a Bus 33,                     $\theta$ Bus 33
    91,                  a Bus 34,                     $\theta$ Bus 34
    92,                  a Bus 35,                     $\theta$ Bus 35
    93,                  a Bus 36,                     $\theta$ Bus 36
    94,                  a Bus 37,                     $\theta$ Bus 37
    95,                  a Bus 38,                     $\theta$ Bus 38
    96,                  a Bus 39,                     $\theta$ Bus 39
    97,                  a Bus 40,                     $\theta$ Bus 40
    98,                  a Bus 41,                     $\theta$ Bus 41
    99,                  a Bus 42,                     $\theta$ Bus 42
   100,                  a Bus 43,                     $\theta$ Bus 43
   101,                  a Bus 44,                     $\theta$ Bus 44
   102,                  a Bus 45,                     $\theta$ Bus 45
   103,                  a Bus 46,                     $\theta$ Bus 46
   104,                  a Bus 47,                     $\theta$ Bus 47
   105,                  a Bus 48,                     $\theta$ Bus 48
   106,                  a Bus 49,                     $\theta$ Bus 49
   107,                  a Bus 50,                     $\theta$ Bus 50
   108,                  a Bus 51,                     $\theta$ Bus 51
   109,                  a Bus 52,                     $\theta$ Bus 52
   110,                  a Bus 53,                     $\theta$ Bus 53
   111,                  a Bus 54,                     $\theta$ Bus 54
   112,                  a Bus 55,                     $\theta$ Bus 55
   113,                  a Bus 56,                     $\theta$ Bus 56
   114,                  a Bus 57,                     $\theta$ Bus 57
   115,                  a Bus 58,                     $\theta$ Bus 58
   116,                  a Bus 59,                     $\theta$ Bus 59
   117,                  a Bus 60,                     $\theta$ Bus 60
   118,                  a Bus 61,                     $\theta$ Bus 61
   119,                  a Bus 62,                     $\theta$ Bus 62
   120,                  a Bus 63,                     $\theta$ Bus 63
   121,                  a Bus 64,                     $\theta$ Bus 64
   122,                  a Bus 65,                     $\theta$ Bus 65
   123,                  a Bus 66,                     $\theta$ Bus 66
   124,                  a Bus 67,                     $\theta$ Bus 67
   125,                  a Bus 68,                     $\theta$ Bus 68
   126,                  a Bus 69,                     $\theta$ Bus 69
   127,                  a Bus 70,                     $\theta$ Bus 70
   128,                  a Bus 71,                     $\theta$ Bus 71
   129,                  a Bus 72,                     $\theta$ Bus 72
   130,                  a Bus 73,                     $\theta$ Bus 73
   131,                  a Bus 74,                     $\theta$ Bus 74
   132,                  a Bus 75,                     $\theta$ Bus 75
   133,                  a Bus 76,                     $\theta$ Bus 76
   134,                  a Bus 77,                     $\theta$ Bus 77
   135,                  a Bus 78,                     $\theta$ Bus 78
   136,                  a Bus 79,                     $\theta$ Bus 79
   137,                  a Bus 80,                     $\theta$ Bus 80
   138,                  a Bus 81,                     $\theta$ Bus 81
   139,                  a Bus 82,                     $\theta$ Bus 82
   140,                  a Bus 83,                     $\theta$ Bus 83
   141,                  a Bus 84,                     $\theta$ Bus 84
   142,                  a Bus 85,                     $\theta$ Bus 85
   143,                  a Bus 86,                     $\theta$ Bus 86
   144,                  a Bus 87,                     $\theta$ Bus 87
   145,                  a Bus 88,                     $\theta$ Bus 88
   146,                  a Bus 89,                     $\theta$ Bus 89
   147,                  a Bus 90,                     $\theta$ Bus 90
   148,                  a Bus 91,                     $\theta$ Bus 91
   149,                  a Bus 92,                     $\theta$ Bus 92
   150,                  a Bus 93,                     $\theta$ Bus 93
   151,                  a Bus 94,                     $\theta$ Bus 94
   152,                  a Bus 95,                     $\theta$ Bus 95
   153,                  a Bus 96,                     $\theta$ Bus 96
   154,                  a Bus 97,                     $\theta$ Bus 97
   155,                  a Bus 98,                     $\theta$ Bus 98
   156,                  a Bus 99,                     $\theta$ Bus 99
   157,                 a Bus 100,                    $\theta$ Bus 100
   158,                 a Bus 101,                    $\theta$ Bus 101
   159,                 a Bus 102,                    $\theta$ Bus 102
   160,                 a Bus 103,                    $\theta$ Bus 103
   161,                 a Bus 104,                    $\theta$ Bus 104
   162,                 a Bus 105,                    $\theta$ Bus 105
   163,                 a Bus 106,                    $\theta$ Bus 106
   164,                 a Bus 107,                    $\theta$ Bus 107
   165,                 a Bus 108,                    $\theta$ Bus 108
   166,                 a Bus 109,                    $\theta$ Bus 109
   167,                 a Bus 110,                    $\theta$ Bus 110
   168,                 a Bus 111,                    $\theta$ Bus 111
   169,                 a Bus 112,                    $\theta$ Bus 112
   170,                 a Bus 113,                    $\theta$ Bus 113
   171,                 a Bus 114,                    $\theta$ Bus 114
   172,                 a Bus 115,                    $\theta$ Bus 115
   173,                 a Bus 116,                    $\theta$ Bus 116
   174,                 a Bus 117,                    $\theta$ Bus 117
   175,                 a Bus 118,                    $\theta$ Bus 118
   176,                 a Bus 119,                    $\theta$ Bus 119
   177,                 a Bus 120,                    $\theta$ Bus 120
   178,                 a Bus 121,                    $\theta$ Bus 121
   179,                 a Bus 122,                    $\theta$ Bus 122
   180,                 a Bus 123,                    $\theta$ Bus 123
   181,                 a Bus 124,                    $\theta$ Bus 124
   182,                 a Bus 125,                    $\theta$ Bus 125
   183,                 a Bus 126,                    $\theta$ Bus 126
   184,                 a Bus 127,                    $\theta$ Bus 127
   185,                 a Bus 128,                    $\theta$ Bus 128
   186,                 a Bus 129,                    $\theta$ Bus 129
   187,                 a Bus 130,                    $\theta$ Bus 130
   188,                 a Bus 131,                    $\theta$ Bus 131
   189,                 a Bus 132,                    $\theta$ Bus 132
   190,                 a Bus 133,                    $\theta$ Bus 133
   191,                 a Bus 134,                    $\theta$ Bus 134
   192,                 a Bus 135,                    $\theta$ Bus 135
   193,                 a Bus 136,                    $\theta$ Bus 136
   194,                 a Bus 137,                    $\theta$ Bus 137
   195,                 a Bus 138,                    $\theta$ Bus 138
   196,                 a Bus 139,                    $\theta$ Bus 139
   197,                 a Bus 140,                    $\theta$ Bus 140
   198,                 a Bus 141,                    $\theta$ Bus 141
   199,                 a Bus 142,                    $\theta$ Bus 142
   200,                 a Bus 143,                    $\theta$ Bus 143
   201,                 a Bus 144,                    $\theta$ Bus 144
   202,                 a Bus 145,                    $\theta$ Bus 145
   203,                 a Bus 146,                    $\theta$ Bus 146
   204,                 a Bus 147,                    $\theta$ Bus 147
   205,                 a Bus 148,                    $\theta$ Bus 148
   206,                 a Bus 149,                    $\theta$ Bus 149
   207,                 a Bus 150,                    $\theta$ Bus 150
   208,                 a Bus 151,                    $\theta$ Bus 151
   209,                 a Bus 152,                    $\theta$ Bus 152
   210,                 a Bus 153,                    $\theta$ Bus 153
   211,                 a Bus 154,                    $\theta$ Bus 154
   212,                 a Bus 155,                    $\theta$ Bus 155
   213,                 a Bus 156,                    $\theta$ Bus 156
   214,                 a Bus 157,                    $\theta$ Bus 157
   215,                 a Bus 158,                    $\theta$ Bus 158
   216,                 a Bus 159,                    $\theta$ Bus 159
   217,                 a Bus 160,                    $\theta$ Bus 160
   218,                 a Bus 161,                    $\theta$ Bus 161
   219,                 a Bus 162,                    $\theta$ Bus 162
   220,                 a Bus 163,                    $\theta$ Bus 163
   221,                 a Bus 164,                    $\theta$ Bus 164
   222,                 a Bus 165,                    $\theta$ Bus 165
   223,                 a Bus 166,                    $\theta$ Bus 166
   224,                 a Bus 167,                    $\theta$ Bus 167
   225,                 a Bus 168,                    $\theta$ Bus 168
   226,                 a Bus 169,                    $\theta$ Bus 169
   227,                 a Bus 170,                    $\theta$ Bus 170
   228,                 a Bus 171,                    $\theta$ Bus 171
   229,                 a Bus 172,                    $\theta$ Bus 172
   230,                 a Bus 173,                    $\theta$ Bus 173
   231,                 a Bus 174,                    $\theta$ Bus 174
   232,                 a Bus 175,                    $\theta$ Bus 175
   233,                 a Bus 176,                    $\theta$ Bus 176
   234,                 a Bus 177,                    $\theta$ Bus 177
   235,                 a Bus 178,                    $\theta$ Bus 178
   236,                 a Bus 179,                    $\theta$ Bus 179
   237,                 a Bus 180,                    $\theta$ Bus 180
   238,                   v Bus 2,                           $V$ Bus 2
   239,                   v Bus 3,                           $V$ Bus 3
   240,                   v Bus 4,                           $V$ Bus 4
   241,                   v Bus 5,                           $V$ Bus 5
   242,                   v Bus 6,                           $V$ Bus 6
   243,                   v Bus 7,                           $V$ Bus 7
   244,                   v Bus 8,                           $V$ Bus 8
   245,                   v Bus 9,                           $V$ Bus 9
   246,                  v Bus 10,                          $V$ Bus 10
   247,                  v Bus 11,                          $V$ Bus 11
   248,                  v Bus 12,                          $V$ Bus 12
   249,                  v Bus 13,                          $V$ Bus 13
   250,                  v Bus 14,                          $V$ Bus 14
   251,                  v Bus 15,                          $V$ Bus 15
   252,                  v Bus 16,                          $V$ Bus 16
   253,                  v Bus 17,                          $V$ Bus 17
   254,                  v Bus 18,                          $V$ Bus 18
   255,                  v Bus 19,                          $V$ Bus 19
   256,                  v Bus 20,                          $V$ Bus 20
   257,                  v Bus 21,                          $V$ Bus 21
   258,                  v Bus 22,                          $V$ Bus 22
   259,                  v Bus 23,                          $V$ Bus 23
   260,                  v Bus 24,                          $V$ Bus 24
   261,                  v Bus 25,                          $V$ Bus 25
   262,                  v Bus 26,                          $V$ Bus 26
   263,                  v Bus 27,                          $V$ Bus 27
   264,                  v Bus 28,                          $V$ Bus 28
   265,                  v Bus 29,                          $V$ Bus 29
   266,                  v Bus 30,                          $V$ Bus 30
   267,                  v Bus 31,                          $V$ Bus 31
   268,                  v Bus 32,                          $V$ Bus 32
   269,                  v Bus 33,                          $V$ Bus 33
   270,                  v Bus 34,                          $V$ Bus 34
   271,                  v Bus 35,                          $V$ Bus 35
   272,                  v Bus 36,                          $V$ Bus 36
   273,                  v Bus 37,                          $V$ Bus 37
   274,                  v Bus 38,                          $V$ Bus 38
   275,                  v Bus 39,                          $V$ Bus 39
   276,                  v Bus 40,                          $V$ Bus 40
   277,                  v Bus 41,                          $V$ Bus 41
   278,                  v Bus 42,                          $V$ Bus 42
   279,                  v Bus 43,                          $V$ Bus 43
   280,                  v Bus 44,                          $V$ Bus 44
   281,                  v Bus 45,                          $V$ Bus 45
   282,                  v Bus 46,                          $V$ Bus 46
   283,                  v Bus 47,                          $V$ Bus 47
   284,                  v Bus 48,                          $V$ Bus 48
   285,                  v Bus 49,                          $V$ Bus 49
   286,                  v Bus 50,                          $V$ Bus 50
   287,                  v Bus 51,                          $V$ Bus 51
   288,                  v Bus 52,                          $V$ Bus 52
   289,                  v Bus 53,                          $V$ Bus 53
   290,                  v Bus 54,                          $V$ Bus 54
   291,                  v Bus 55,                          $V$ Bus 55
   292,                  v Bus 56,                          $V$ Bus 56
   293,                  v Bus 57,                          $V$ Bus 57
   294,                  v Bus 58,                          $V$ Bus 58
   295,                  v Bus 59,                          $V$ Bus 59
   296,                  v Bus 60,                          $V$ Bus 60
   297,                  v Bus 61,                          $V$ Bus 61
   298,                  v Bus 62,                          $V$ Bus 62
   299,                  v Bus 63,                          $V$ Bus 63
   300,                  v Bus 64,                          $V$ Bus 64
   301,                  v Bus 65,                          $V$ Bus 65
   302,                  v Bus 66,                          $V$ Bus 66
   303,                  v Bus 67,                          $V$ Bus 67
   304,                  v Bus 68,                          $V$ Bus 68
   305,                  v Bus 69,                          $V$ Bus 69
   306,                  v Bus 70,                          $V$ Bus 70
   307,                  v Bus 71,                          $V$ Bus 71
   308,                  v Bus 72,                          $V$ Bus 72
   309,                  v Bus 73,                          $V$ Bus 73
   310,                  v Bus 74,                          $V$ Bus 74
   311,                  v Bus 75,                          $V$ Bus 75
   312,                  v Bus 76,                          $V$ Bus 76
   313,                  v Bus 77,                          $V$ Bus 77
   314,                  v Bus 78,                          $V$ Bus 78
   315,                  v Bus 79,                          $V$ Bus 79
   316,                  v Bus 80,                          $V$ Bus 80
   317,                  v Bus 81,                          $V$ Bus 81
   318,                  v Bus 82,                          $V$ Bus 82
   319,                  v Bus 83,                          $V$ Bus 83
   320,                  v Bus 84,                          $V$ Bus 84
   321,                  v Bus 85,                          $V$ Bus 85
   322,                  v Bus 86,                          $V$ Bus 86
   323,                  v Bus 87,                          $V$ Bus 87
   324,                  v Bus 88,                          $V$ Bus 88
   325,                  v Bus 89,                          $V$ Bus 89
   326,                  v Bus 90,                          $V$ Bus 90
   327,                  v Bus 91,                          $V$ Bus 91
   328,                  v Bus 92,                          $V$ Bus 92
   329,                  v Bus 93,                          $V$ Bus 93
   330,                  v Bus 94,                          $V$ Bus 94
   331,                  v Bus 95,                          $V$ Bus 95
   332,                  v Bus 96,                          $V$ Bus 96
   333,                  v Bus 97,                          $V$ Bus 97
   334,                  v Bus 98,                          $V$ Bus 98
   335,                  v Bus 99,                          $V$ Bus 99
   336,                 v Bus 100,                         $V$ Bus 100
   337,                 v Bus 101,                         $V$ Bus 101
   338,                 v Bus 102,                         $V$ Bus 102
   339,                 v Bus 103,                         $V$ Bus 103
   340,                 v Bus 104,                         $V$ Bus 104
   341,                 v Bus 105,                         $V$ Bus 105
   342,                 v Bus 106,                         $V$ Bus 106
   343,                 v Bus 107,                         $V$ Bus 107
   344,                 v Bus 108,                         $V$ Bus 108
   345,                 v Bus 109,                         $V$ Bus 109
   346,                 v Bus 110,                         $V$ Bus 110
   347,                 v Bus 111,                         $V$ Bus 111
   348,                 v Bus 112,                         $V$ Bus 112
   349,                 v Bus 113,                         $V$ Bus 113
   350,                 v Bus 114,                         $V$ Bus 114
   351,                 v Bus 115,                         $V$ Bus 115
   352,                 v Bus 116,                         $V$ Bus 116
   353,                 v Bus 117,                         $V$ Bus 117
   354,                 v Bus 118,                         $V$ Bus 118
   355,                 v Bus 119,                         $V$ Bus 119
   356,                 v Bus 120,                         $V$ Bus 120
   357,                 v Bus 121,                         $V$ Bus 121
   358,                 v Bus 122,                         $V$ Bus 122
   359,                 v Bus 123,                         $V$ Bus 123
   360,                 v Bus 124,                         $V$ Bus 124
   361,                 v Bus 125,                         $V$ Bus 125
   362,                 v Bus 126,                         $V$ Bus 126
   363,                 v Bus 127,                         $V$ Bus 127
   364,                 v Bus 128,                         $V$ Bus 128
   365,                 v Bus 129,                         $V$ Bus 129
   366,                 v Bus 130,                         $V$ Bus 130
   367,                 v Bus 131,                         $V$ Bus 131
   368,                 v Bus 132,                         $V$ Bus 132
   369,                 v Bus 133,                         $V$ Bus 133
   370,                 v Bus 134,                         $V$ Bus 134
   371,                 v Bus 135,                         $V$ Bus 135
   372,                 v Bus 136,                         $V$ Bus 136
   373,                 v Bus 137,                         $V$ Bus 137
   374,                 v Bus 138,                         $V$ Bus 138
   375,                 v Bus 139,                         $V$ Bus 139
   376,                 v Bus 140,                         $V$ Bus 140
   377,                 v Bus 141,                         $V$ Bus 141
   378,                 v Bus 142,                         $V$ Bus 142
   379,                 v Bus 143,                         $V$ Bus 143
   380,                 v Bus 144,                         $V$ Bus 144
   381,                 v Bus 145,                         $V$ Bus 145
   382,                 v Bus 146,                         $V$ Bus 146
   383,                 v Bus 147,                         $V$ Bus 147
   384,                 v Bus 148,                         $V$ Bus 148
   385,                 v Bus 149,                         $V$ Bus 149
   386,                 v Bus 150,                         $V$ Bus 150
   387,                 v Bus 151,                         $V$ Bus 151
   388,                 v Bus 152,                         $V$ Bus 152
   389,                 v Bus 153,                         $V$ Bus 153
   390,                 v Bus 154,                         $V$ Bus 154
   391,                 v Bus 155,                         $V$ Bus 155
   392,                 v Bus 156,                         $V$ Bus 156
   393,                 v Bus 157,                         $V$ Bus 157
   394,                 v Bus 158,                         $V$ Bus 158
   395,                 v Bus 159,                         $V$ Bus 159
   396,                 v Bus 160,                         $V$ Bus 160
   397,                 v Bus 161,                         $V$ Bus 161
   398,                 v Bus 162,                         $V$ Bus 162
   399,                 v Bus 163,                         $V$ Bus 163
   400,                 v Bus 164,                         $V$ Bus 164
   401,                 v Bus 165,                         $V$ Bus 165
   402,                 v Bus 166,                         $V$ Bus 166
   403,                 v Bus 167,                         $V$ Bus 167
   404,                 v Bus 168,                         $V$ Bus 168
   405,                 v Bus 169,                         $V$ Bus 169
   406,                 v Bus 170,                         $V$ Bus 170
   407,                 v Bus 171,                         $V$ Bus 171
   408,                 v Bus 172,                         $V$ Bus 172
   409,                 v Bus 173,                         $V$ Bus 173
   410,                 v Bus 174,                         $V$ Bus 174
   411,                 v Bus 175,                         $V$ Bus 175
   412,                 v Bus 176,                         $V$ Bus 176
   413,                 v Bus 177,                         $V$ Bus 177
   414,                 v Bus 178,                         $V$ Bus 178
   415,                 v Bus 179,                         $V$ Bus 179
   416,                 v Bus 180,                         $V$ Bus 180
   417,                    q PV 1,                            $q$ PV 1
   418,                    q PV 2,                            $q$ PV 2
   419,                    q PV 3,                            $q$ PV 3
   420,                    q PV 4,                            $q$ PV 4
   421,                    q PV 5,                            $q$ PV 5
   422,                    q PV 6,                            $q$ PV 6
   423,                    q PV 7,                            $q$ PV 7
   424,                    q PV 8,                            $q$ PV 8
   425,                    q PV 9,                            $q$ PV 9
   426,                   q PV 10,                           $q$ PV 10
   427,                   q PV 11,                           $q$ PV 11
   428,                   q PV 12,                           $q$ PV 12
   429,                   q PV 13,                           $q$ PV 13
   430,                   q PV 14,                           $q$ PV 14
   431,                   q PV 15,                           $q$ PV 15
   432,                   q PV 16,                           $q$ PV 16
   433,                   q PV 18,                           $q$ PV 18
   434,                   q PV 19,                           $q$ PV 19
   435,                   q PV 20,                           $q$ PV 20
   436,                   q PV 21,                           $q$ PV 21
   437,                   q PV 22,                           $q$ PV 22
   438,                   q PV 23,                           $q$ PV 23
   439,                   q PV 24,                           $q$ PV 24
   440,                   q PV 25,                           $q$ PV 25
   441,                   q PV 26,                           $q$ PV 26
   442,                   q PV 27,                           $q$ PV 27
   443,                   q PV 28,                           $q$ PV 28
   444,                   q PV 29,                           $q$ PV 29
   445,                q Slack 17,                        $q$ Slack 17
   446,                p Slack 17,                        $p$ Slack 17
   447,               Id GENCLS 1,                      $I_d$ GENCLS 1
   448,               Id GENCLS 2,                      $I_d$ GENCLS 2
   449,               Id GENCLS 3,                      $I_d$ GENCLS 3
   450,               Id GENCLS 4,                      $I_d$ GENCLS 4
   451,               Id GENCLS 5,                      $I_d$ GENCLS 5
   452,               Id GENCLS 6,                      $I_d$ GENCLS 6
   453,               Id GENCLS 7,                      $I_d$ GENCLS 7
   454,               Id GENCLS 8,                      $I_d$ GENCLS 8
   455,               Id GENCLS 9,                      $I_d$ GENCLS 9
   456,              Id GENCLS 10,                     $I_d$ GENCLS 10
   457,              Id GENCLS 11,                     $I_d$ GENCLS 11
   458,              Id GENCLS 12,                     $I_d$ GENCLS 12
   459,              Id GENCLS 13,                     $I_d$ GENCLS 13
   460,              Id GENCLS 14,                     $I_d$ GENCLS 14
   461,              Id GENCLS 15,                     $I_d$ GENCLS 15
   462,              Id GENCLS 16,                     $I_d$ GENCLS 16
   463,              Id GENCLS 17,                     $I_d$ GENCLS 17
   464,              Id GENCLS 18,                     $I_d$ GENCLS 18
   465,              Id GENCLS 19,                     $I_d$ GENCLS 19
   466,              Id GENCLS 20,                     $I_d$ GENCLS 20
   467,              Id GENCLS 21,                     $I_d$ GENCLS 21
   468,              Id GENCLS 22,                     $I_d$ GENCLS 22
   469,              Id GENCLS 23,                     $I_d$ GENCLS 23
   470,              Id GENCLS 24,                     $I_d$ GENCLS 24
   471,              Id GENCLS 25,                     $I_d$ GENCLS 25
   472,              Id GENCLS 26,                     $I_d$ GENCLS 26
   473,              Id GENCLS 27,                     $I_d$ GENCLS 27
   474,              Id GENCLS 28,                     $I_d$ GENCLS 28
   475,              Id GENCLS 29,                     $I_d$ GENCLS 29
   476,               Iq GENCLS 1,                      $I_q$ GENCLS 1
   477,               Iq GENCLS 2,                      $I_q$ GENCLS 2
   478,               Iq GENCLS 3,                      $I_q$ GENCLS 3
   479,               Iq GENCLS 4,                      $I_q$ GENCLS 4
   480,               Iq GENCLS 5,                      $I_q$ GENCLS 5
   481,               Iq GENCLS 6,                      $I_q$ GENCLS 6
   482,               Iq GENCLS 7,                      $I_q$ GENCLS 7
   483,               Iq GENCLS 8,                      $I_q$ GENCLS 8
   484,               Iq GENCLS 9,                      $I_q$ GENCLS 9
   485,              Iq GENCLS 10,                     $I_q$ GENCLS 10
   486,              Iq GENCLS 11,                     $I_q$ GENCLS 11
   487,              Iq GENCLS 12,                     $I_q$ GENCLS 12
   488,              Iq GENCLS 13,                     $I_q$ GENCLS 13
   489,              Iq GENCLS 14,                     $I_q$ GENCLS 14
   490,              Iq GENCLS 15,                     $I_q$ GENCLS 15
   491,              Iq GENCLS 16,                     $I_q$ GENCLS 16
   492,              Iq GENCLS 17,                     $I_q$ GENCLS 17
   493,              Iq GENCLS 18,                     $I_q$ GENCLS 18
   494,              Iq GENCLS 19,                     $I_q$ GENCLS 19
   495,              Iq GENCLS 20,                     $I_q$ GENCLS 20
   496,              Iq GENCLS 21,                     $I_q$ GENCLS 21
   497,              Iq GENCLS 22,                     $I_q$ GENCLS 22
   498,              Iq GENCLS 23,                     $I_q$ GENCLS 23
   499,              Iq GENCLS 24,                     $I_q$ GENCLS 24
   500,              Iq GENCLS 25,                     $I_q$ GENCLS 25
   501,              Iq GENCLS 26,                     $I_q$ GENCLS 26
   502,              Iq GENCLS 27,                     $I_q$ GENCLS 27
   503,              Iq GENCLS 28,                     $I_q$ GENCLS 28
   504,              Iq GENCLS 29,                     $I_q$ GENCLS 29
   505,               vd GENCLS 1,                      $V_d$ GENCLS 1
   506,               vd GENCLS 2,                      $V_d$ GENCLS 2
   507,               vd GENCLS 3,                      $V_d$ GENCLS 3
   508,               vd GENCLS 4,                      $V_d$ GENCLS 4
   509,               vd GENCLS 5,                      $V_d$ GENCLS 5
   510,               vd GENCLS 6,                      $V_d$ GENCLS 6
   511,               vd GENCLS 7,                      $V_d$ GENCLS 7
   512,               vd GENCLS 8,                      $V_d$ GENCLS 8
   513,               vd GENCLS 9,                      $V_d$ GENCLS 9
   514,              vd GENCLS 10,                     $V_d$ GENCLS 10
   515,              vd GENCLS 11,                     $V_d$ GENCLS 11
   516,              vd GENCLS 12,                     $V_d$ GENCLS 12
   517,              vd GENCLS 13,                     $V_d$ GENCLS 13
   518,              vd GENCLS 14,                     $V_d$ GENCLS 14
   519,              vd GENCLS 15,                     $V_d$ GENCLS 15
   520,              vd GENCLS 16,                     $V_d$ GENCLS 16
   521,              vd GENCLS 17,                     $V_d$ GENCLS 17
   522,              vd GENCLS 18,                     $V_d$ GENCLS 18
   523,              vd GENCLS 19,                     $V_d$ GENCLS 19
   524,              vd GENCLS 20,                     $V_d$ GENCLS 20
   525,              vd GENCLS 21,                     $V_d$ GENCLS 21
   526,              vd GENCLS 22,                     $V_d$ GENCLS 22
   527,              vd GENCLS 23,                     $V_d$ GENCLS 23
   528,              vd GENCLS 24,                     $V_d$ GENCLS 24
   529,              vd GENCLS 25,                     $V_d$ GENCLS 25
   530,              vd GENCLS 26,                     $V_d$ GENCLS 26
   531,              vd GENCLS 27,                     $V_d$ GENCLS 27
   532,              vd GENCLS 28,                     $V_d$ GENCLS 28
   533,              vd GENCLS 29,                     $V_d$ GENCLS 29
   534,               vq GENCLS 1,                      $V_q$ GENCLS 1
   535,               vq GENCLS 2,                      $V_q$ GENCLS 2
   536,               vq GENCLS 3,                      $V_q$ GENCLS 3
   537,               vq GENCLS 4,                      $V_q$ GENCLS 4
   538,               vq GENCLS 5,                      $V_q$ GENCLS 5
   539,               vq GENCLS 6,                      $V_q$ GENCLS 6
   540,               vq GENCLS 7,                      $V_q$ GENCLS 7
   541,               vq GENCLS 8,                      $V_q$ GENCLS 8
   542,               vq GENCLS 9,                      $V_q$ GENCLS 9
   543,              vq GENCLS 10,                     $V_q$ GENCLS 10
   544,              vq GENCLS 11,                     $V_q$ GENCLS 11
   545,              vq GENCLS 12,                     $V_q$ GENCLS 12
   546,              vq GENCLS 13,                     $V_q$ GENCLS 13
   547,              vq GENCLS 14,                     $V_q$ GENCLS 14
   548,              vq GENCLS 15,                     $V_q$ GENCLS 15
   549,              vq GENCLS 16,                     $V_q$ GENCLS 16
   550,              vq GENCLS 17,                     $V_q$ GENCLS 17
   551,              vq GENCLS 18,                     $V_q$ GENCLS 18
   552,              vq GENCLS 19,                     $V_q$ GENCLS 19
   553,              vq GENCLS 20,                     $V_q$ GENCLS 20
   554,              vq GENCLS 21,                     $V_q$ GENCLS 21
   555,              vq GENCLS 22,                     $V_q$ GENCLS 22
   556,              vq GENCLS 23,                     $V_q$ GENCLS 23
   557,              vq GENCLS 24,                     $V_q$ GENCLS 24
   558,              vq GENCLS 25,                     $V_q$ GENCLS 25
   559,              vq GENCLS 26,                     $V_q$ GENCLS 26
   560,              vq GENCLS 27,                     $V_q$ GENCLS 27
   561,              vq GENCLS 28,                     $V_q$ GENCLS 28
   562,              vq GENCLS 29,                     $V_q$ GENCLS 29
   563,               tm GENCLS 1,                   $\tau_m$ GENCLS 1
   564,               tm GENCLS 2,                   $\tau_m$ GENCLS 2
   565,               tm GENCLS 3,                   $\tau_m$ GENCLS 3
   566,               tm GENCLS 4,                   $\tau_m$ GENCLS 4
   567,               tm GENCLS 5,                   $\tau_m$ GENCLS 5
   568,               tm GENCLS 6,                   $\tau_m$ GENCLS 6
   569,               tm GENCLS 7,                   $\tau_m$ GENCLS 7
   570,               tm GENCLS 8,                   $\tau_m$ GENCLS 8
   571,               tm GENCLS 9,                   $\tau_m$ GENCLS 9
   572,              tm GENCLS 10,                  $\tau_m$ GENCLS 10
   573,              tm GENCLS 11,                  $\tau_m$ GENCLS 11
   574,              tm GENCLS 12,                  $\tau_m$ GENCLS 12
   575,              tm GENCLS 13,                  $\tau_m$ GENCLS 13
   576,              tm GENCLS 14,                  $\tau_m$ GENCLS 14
   577,              tm GENCLS 15,                  $\tau_m$ GENCLS 15
   578,              tm GENCLS 16,                  $\tau_m$ GENCLS 16
   579,              tm GENCLS 17,                  $\tau_m$ GENCLS 17
   580,              tm GENCLS 18,                  $\tau_m$ GENCLS 18
   581,              tm GENCLS 19,                  $\tau_m$ GENCLS 19
   582,              tm GENCLS 20,                  $\tau_m$ GENCLS 20
   583,              tm GENCLS 21,                  $\tau_m$ GENCLS 21
   584,              tm GENCLS 22,                  $\tau_m$ GENCLS 22
   585,              tm GENCLS 23,                  $\tau_m$ GENCLS 23
   586,              tm GENCLS 24,                  $\tau_m$ GENCLS 24
   587,              tm GENCLS 25,                  $\tau_m$ GENCLS 25
   588,              tm GENCLS 26,                  $\tau_m$ GENCLS 26
   589,              tm GENCLS 27,                  $\tau_m$ GENCLS 27
   590,              tm GENCLS 28,                  $\tau_m$ GENCLS 28
   591,              tm GENCLS 29,                  $\tau_m$ GENCLS 29
   592,               te GENCLS 1,                   $\tau_e$ GENCLS 1
   593,               te GENCLS 2,                   $\tau_e$ GENCLS 2
   594,               te GENCLS 3,                   $\tau_e$ GENCLS 3
   595,               te GENCLS 4,                   $\tau_e$ GENCLS 4
   596,               te GENCLS 5,                   $\tau_e$ GENCLS 5
   597,               te GENCLS 6,                   $\tau_e$ GENCLS 6
   598,               te GENCLS 7,                   $\tau_e$ GENCLS 7
   599,               te GENCLS 8,                   $\tau_e$ GENCLS 8
   600,               te GENCLS 9,                   $\tau_e$ GENCLS 9
   601,              te GENCLS 10,                  $\tau_e$ GENCLS 10
   602,              te GENCLS 11,                  $\tau_e$ GENCLS 11
   603,              te GENCLS 12,                  $\tau_e$ GENCLS 12
   604,              te GENCLS 13,                  $\tau_e$ GENCLS 13
   605,              te GENCLS 14,                  $\tau_e$ GENCLS 14
   606,              te GENCLS 15,                  $\tau_e$ GENCLS 15
   607,              te GENCLS 16,                  $\tau_e$ GENCLS 16
   608,              te GENCLS 17,                  $\tau_e$ GENCLS 17
   609,              te GENCLS 18,                  $\tau_e$ GENCLS 18
   610,              te GENCLS 19,                  $\tau_e$ GENCLS 19
   611,              te GENCLS 20,                  $\tau_e$ GENCLS 20
   612,              te GENCLS 21,                  $\tau_e$ GENCLS 21
   613,              te GENCLS 22,                  $\tau_e$ GENCLS 22
   614,              te GENCLS 23,                  $\tau_e$ GENCLS 23
   615,              te GENCLS 24,                  $\tau_e$ GENCLS 24
   616,              te GENCLS 25,                  $\tau_e$ GENCLS 25
   617,              te GENCLS 26,                  $\tau_e$ GENCLS 26
   618,              te GENCLS 27,                  $\tau_e$ GENCLS 27
   619,              te GENCLS 28,                  $\tau_e$ GENCLS 28
   620,              te GENCLS 29,                  $\tau_e$ GENCLS 29
   621,               vf GENCLS 1,                      $v_f$ GENCLS 1
   622,               vf GENCLS 2,                      $v_f$ GENCLS 2
   623,               vf GENCLS 3,                      $v_f$ GENCLS 3
   624,               vf GENCLS 4,                      $v_f$ GENCLS 4
   625,               vf GENCLS 5,                      $v_f$ GENCLS 5
   626,               vf GENCLS 6,                      $v_f$ GENCLS 6
   627,               vf GENCLS 7,                      $v_f$ GENCLS 7
   628,               vf GENCLS 8,                      $v_f$ GENCLS 8
   629,               vf GENCLS 9,                      $v_f$ GENCLS 9
   630,              vf GENCLS 10,                     $v_f$ GENCLS 10
   631,              vf GENCLS 11,                     $v_f$ GENCLS 11
   632,              vf GENCLS 12,                     $v_f$ GENCLS 12
   633,              vf GENCLS 13,                     $v_f$ GENCLS 13
   634,              vf GENCLS 14,                     $v_f$ GENCLS 14
   635,              vf GENCLS 15,                     $v_f$ GENCLS 15
   636,              vf GENCLS 16,                     $v_f$ GENCLS 16
   637,              vf GENCLS 17,                     $v_f$ GENCLS 17
   638,              vf GENCLS 18,                     $v_f$ GENCLS 18
   639,              vf GENCLS 19,                     $v_f$ GENCLS 19
   640,              vf GENCLS 20,                     $v_f$ GENCLS 20
   641,              vf GENCLS 21,                     $v_f$ GENCLS 21
   642,              vf GENCLS 22,                     $v_f$ GENCLS 22
   643,              vf GENCLS 23,                     $v_f$ GENCLS 23
   644,              vf GENCLS 24,                     $v_f$ GENCLS 24
   645,              vf GENCLS 25,                     $v_f$ GENCLS 25
   646,              vf GENCLS 26,                     $v_f$ GENCLS 26
   647,              vf GENCLS 27,                     $v_f$ GENCLS 27
   648,              vf GENCLS 28,                     $v_f$ GENCLS 28
   649,              vf GENCLS 29,                     $v_f$ GENCLS 29
   650,           XadIfd GENCLS 1,             $X_{ad}I_{fd}$ GENCLS 1
   651,           XadIfd GENCLS 2,             $X_{ad}I_{fd}$ GENCLS 2
   652,           XadIfd GENCLS 3,             $X_{ad}I_{fd}$ GENCLS 3
   653,           XadIfd GENCLS 4,             $X_{ad}I_{fd}$ GENCLS 4
   654,           XadIfd GENCLS 5,             $X_{ad}I_{fd}$ GENCLS 5
   655,           XadIfd GENCLS 6,             $X_{ad}I_{fd}$ GENCLS 6
   656,           XadIfd GENCLS 7,             $X_{ad}I_{fd}$ GENCLS 7
   657,           XadIfd GENCLS 8,             $X_{ad}I_{fd}$ GENCLS 8
   658,           XadIfd GENCLS 9,             $X_{ad}I_{fd}$ GENCLS 9
   659,          XadIfd GENCLS 10,            $X_{ad}I_{fd}$ GENCLS 10
   660,          XadIfd GENCLS 11,            $X_{ad}I_{fd}$ GENCLS 11
   661,          XadIfd GENCLS 12,            $X_{ad}I_{fd}$ GENCLS 12
   662,          XadIfd GENCLS 13,            $X_{ad}I_{fd}$ GENCLS 13
   663,          XadIfd GENCLS 14,            $X_{ad}I_{fd}$ GENCLS 14
   664,          XadIfd GENCLS 15,            $X_{ad}I_{fd}$ GENCLS 15
   665,          XadIfd GENCLS 16,            $X_{ad}I_{fd}$ GENCLS 16
   666,          XadIfd GENCLS 17,            $X_{ad}I_{fd}$ GENCLS 17
   667,          XadIfd GENCLS 18,            $X_{ad}I_{fd}$ GENCLS 18
   668,          XadIfd GENCLS 19,            $X_{ad}I_{fd}$ GENCLS 19
   669,          XadIfd GENCLS 20,            $X_{ad}I_{fd}$ GENCLS 20
   670,          XadIfd GENCLS 21,            $X_{ad}I_{fd}$ GENCLS 21
   671,          XadIfd GENCLS 22,            $X_{ad}I_{fd}$ GENCLS 22
   672,          XadIfd GENCLS 23,            $X_{ad}I_{fd}$ GENCLS 23
   673,          XadIfd GENCLS 24,            $X_{ad}I_{fd}$ GENCLS 24
   674,          XadIfd GENCLS 25,            $X_{ad}I_{fd}$ GENCLS 25
   675,          XadIfd GENCLS 26,            $X_{ad}I_{fd}$ GENCLS 26
   676,          XadIfd GENCLS 27,            $X_{ad}I_{fd}$ GENCLS 27
   677,          XadIfd GENCLS 28,            $X_{ad}I_{fd}$ GENCLS 28
   678,          XadIfd GENCLS 29,            $X_{ad}I_{fd}$ GENCLS 29
   679,               Pe GENCLS 1,                      $P_e$ GENCLS 1
   680,               Pe GENCLS 2,                      $P_e$ GENCLS 2
   681,               Pe GENCLS 3,                      $P_e$ GENCLS 3
   682,               Pe GENCLS 4,                      $P_e$ GENCLS 4
   683,               Pe GENCLS 5,                      $P_e$ GENCLS 5
   684,               Pe GENCLS 6,                      $P_e$ GENCLS 6
   685,               Pe GENCLS 7,                      $P_e$ GENCLS 7
   686,               Pe GENCLS 8,                      $P_e$ GENCLS 8
   687,               Pe GENCLS 9,                      $P_e$ GENCLS 9
   688,              Pe GENCLS 10,                     $P_e$ GENCLS 10
   689,              Pe GENCLS 11,                     $P_e$ GENCLS 11
   690,              Pe GENCLS 12,                     $P_e$ GENCLS 12
   691,              Pe GENCLS 13,                     $P_e$ GENCLS 13
   692,              Pe GENCLS 14,                     $P_e$ GENCLS 14
   693,              Pe GENCLS 15,                     $P_e$ GENCLS 15
   694,              Pe GENCLS 16,                     $P_e$ GENCLS 16
   695,              Pe GENCLS 17,                     $P_e$ GENCLS 17
   696,              Pe GENCLS 18,                     $P_e$ GENCLS 18
   697,              Pe GENCLS 19,                     $P_e$ GENCLS 19
   698,              Pe GENCLS 20,                     $P_e$ GENCLS 20
   699,              Pe GENCLS 21,                     $P_e$ GENCLS 21
   700,              Pe GENCLS 22,                     $P_e$ GENCLS 22
   701,              Pe GENCLS 23,                     $P_e$ GENCLS 23
   702,              Pe GENCLS 24,                     $P_e$ GENCLS 24
   703,              Pe GENCLS 25,                     $P_e$ GENCLS 25
   704,              Pe GENCLS 26,                     $P_e$ GENCLS 26
   705,              Pe GENCLS 27,                     $P_e$ GENCLS 27
   706,              Pe GENCLS 28,                     $P_e$ GENCLS 28
   707,              Pe GENCLS 29,                     $P_e$ GENCLS 29
   708,               Qe GENCLS 1,                      $Q_e$ GENCLS 1
   709,               Qe GENCLS 2,                      $Q_e$ GENCLS 2
   710,               Qe GENCLS 3,                      $Q_e$ GENCLS 3
   711,               Qe GENCLS 4,                      $Q_e$ GENCLS 4
   712,               Qe GENCLS 5,                      $Q_e$ GENCLS 5
   713,               Qe GENCLS 6,                      $Q_e$ GENCLS 6
   714,               Qe GENCLS 7,                      $Q_e$ GENCLS 7
   715,               Qe GENCLS 8,                      $Q_e$ GENCLS 8
   716,               Qe GENCLS 9,                      $Q_e$ GENCLS 9
   717,              Qe GENCLS 10,                     $Q_e$ GENCLS 10
   718,              Qe GENCLS 11,                     $Q_e$ GENCLS 11
   719,              Qe GENCLS 12,                     $Q_e$ GENCLS 12
   720,              Qe GENCLS 13,                     $Q_e$ GENCLS 13
   721,              Qe GENCLS 14,                     $Q_e$ GENCLS 14
   722,              Qe GENCLS 15,                     $Q_e$ GENCLS 15
   723,              Qe GENCLS 16,                     $Q_e$ GENCLS 16
   724,              Qe GENCLS 17,                     $Q_e$ GENCLS 17
   725,              Qe GENCLS 18,                     $Q_e$ GENCLS 18
   726,              Qe GENCLS 19,                     $Q_e$ GENCLS 19
   727,              Qe GENCLS 20,                     $Q_e$ GENCLS 20
   728,              Qe GENCLS 21,                     $Q_e$ GENCLS 21
   729,              Qe GENCLS 22,                     $Q_e$ GENCLS 22
   730,              Qe GENCLS 23,                     $Q_e$ GENCLS 23
   731,              Qe GENCLS 24,                     $Q_e$ GENCLS 24
   732,              Qe GENCLS 25,                     $Q_e$ GENCLS 25
   733,              Qe GENCLS 26,                     $Q_e$ GENCLS 26
   734,              Qe GENCLS 27,                     $Q_e$ GENCLS 27
   735,              Qe GENCLS 28,                     $Q_e$ GENCLS 28
   736,              Qe GENCLS 29,                     $Q_e$ GENCLS 29
   737,             psid GENCLS 1,                   $\psi_d$ GENCLS 1
   738,             psid GENCLS 2,                   $\psi_d$ GENCLS 2
   739,             psid GENCLS 3,                   $\psi_d$ GENCLS 3
   740,             psid GENCLS 4,                   $\psi_d$ GENCLS 4
   741,             psid GENCLS 5,                   $\psi_d$ GENCLS 5
   742,             psid GENCLS 6,                   $\psi_d$ GENCLS 6
   743,             psid GENCLS 7,                   $\psi_d$ GENCLS 7
   744,             psid GENCLS 8,                   $\psi_d$ GENCLS 8
   745,             psid GENCLS 9,                   $\psi_d$ GENCLS 9
   746,            psid GENCLS 10,                  $\psi_d$ GENCLS 10
   747,            psid GENCLS 11,                  $\psi_d$ GENCLS 11
   748,            psid GENCLS 12,                  $\psi_d$ GENCLS 12
   749,            psid GENCLS 13,                  $\psi_d$ GENCLS 13
   750,            psid GENCLS 14,                  $\psi_d$ GENCLS 14
   751,            psid GENCLS 15,                  $\psi_d$ GENCLS 15
   752,            psid GENCLS 16,                  $\psi_d$ GENCLS 16
   753,            psid GENCLS 17,                  $\psi_d$ GENCLS 17
   754,            psid GENCLS 18,                  $\psi_d$ GENCLS 18
   755,            psid GENCLS 19,                  $\psi_d$ GENCLS 19
   756,            psid GENCLS 20,                  $\psi_d$ GENCLS 20
   757,            psid GENCLS 21,                  $\psi_d$ GENCLS 21
   758,            psid GENCLS 22,                  $\psi_d$ GENCLS 22
   759,            psid GENCLS 23,                  $\psi_d$ GENCLS 23
   760,            psid GENCLS 24,                  $\psi_d$ GENCLS 24
   761,            psid GENCLS 25,                  $\psi_d$ GENCLS 25
   762,            psid GENCLS 26,                  $\psi_d$ GENCLS 26
   763,            psid GENCLS 27,                  $\psi_d$ GENCLS 27
   764,            psid GENCLS 28,                  $\psi_d$ GENCLS 28
   765,            psid GENCLS 29,                  $\psi_d$ GENCLS 29
   766,             psiq GENCLS 1,                   $\psi_q$ GENCLS 1
   767,             psiq GENCLS 2,                   $\psi_q$ GENCLS 2
   768,             psiq GENCLS 3,                   $\psi_q$ GENCLS 3
   769,             psiq GENCLS 4,                   $\psi_q$ GENCLS 4
   770,             psiq GENCLS 5,                   $\psi_q$ GENCLS 5
   771,             psiq GENCLS 6,                   $\psi_q$ GENCLS 6
   772,             psiq GENCLS 7,                   $\psi_q$ GENCLS 7
   773,             psiq GENCLS 8,                   $\psi_q$ GENCLS 8
   774,             psiq GENCLS 9,                   $\psi_q$ GENCLS 9
   775,            psiq GENCLS 10,                  $\psi_q$ GENCLS 10
   776,            psiq GENCLS 11,                  $\psi_q$ GENCLS 11
   777,            psiq GENCLS 12,                  $\psi_q$ GENCLS 12
   778,            psiq GENCLS 13,                  $\psi_q$ GENCLS 13
   779,            psiq GENCLS 14,                  $\psi_q$ GENCLS 14
   780,            psiq GENCLS 15,                  $\psi_q$ GENCLS 15
   781,            psiq GENCLS 16,                  $\psi_q$ GENCLS 16
   782,            psiq GENCLS 17,                  $\psi_q$ GENCLS 17
   783,            psiq GENCLS 18,                  $\psi_q$ GENCLS 18
   784,            psiq GENCLS 19,                  $\psi_q$ GENCLS 19
   785,            psiq GENCLS 20,                  $\psi_q$ GENCLS 20
   786,            psiq GENCLS 21,                  $\psi_q$ GENCLS 21
   787,            psiq GENCLS 22,                  $\psi_q$ GENCLS 22
   788,            psiq GENCLS 23,                  $\psi_q$ GENCLS 23
   789,            psiq GENCLS 24,                  $\psi_q$ GENCLS 24
   790,            psiq GENCLS 25,                  $\psi_q$ GENCLS 25
   791,            psiq GENCLS 26,                  $\psi_q$ GENCLS 26
   792,            psiq GENCLS 27,                  $\psi_q$ GENCLS 27
   793,            psiq GENCLS 28,                  $\psi_q$ GENCLS 28
   794,            psiq GENCLS 29,                  $\psi_q$ GENCLS 29
