     0,                  Time [s],                            Time [s]
     1,                   a Bus 1,                      $\theta$ Bus 1
     2,                   a Bus 2,                      $\theta$ Bus 2
     3,                   a Bus 3,                      $\theta$ Bus 3
     4,                   a Bus 4,                      $\theta$ Bus 4
     5,                   a Bus 5,                      $\theta$ Bus 5
     6,                   a Bus 6,                      $\theta$ Bus 6
     7,                   a Bus 7,                      $\theta$ Bus 7
     8,                   a Bus 8,                      $\theta$ Bus 8
     9,                   a Bus 9,                      $\theta$ Bus 9
    10,                   v Bus 1,                           $V$ Bus 1
    11,                   v Bus 2,                           $V$ Bus 2
    12,                   v Bus 3,                           $V$ Bus 3
    13,                   v Bus 4,                           $V$ Bus 4
    14,                   v Bus 5,                           $V$ Bus 5
    15,                   v Bus 6,                           $V$ Bus 6
    16,                   v Bus 7,                           $V$ Bus 7
    17,                   v Bus 8,                           $V$ Bus 8
    18,                   v Bus 9,                           $V$ Bus 9
    19,                    q PV 2,                            $q$ PV 2
    20,                    q PV 3,                            $q$ PV 3
    21,                 q Slack 1,                         $q$ Slack 1
    22,                 p Slack 1,                         $p$ Slack 1
    23,                idd Line 0,                        $idd$ Line 0
    24,                idd Line 1,                        $idd$ Line 1
    25,                idd Line 2,                        $idd$ Line 2
    26,                idd Line 3,                        $idd$ Line 3
    27,                idd Line 4,                        $idd$ Line 4
    28,                idd Line 5,                        $idd$ Line 5
    29,                idd Line 6,                        $idd$ Line 6
    30,                idd Line 7,                        $idd$ Line 7
    31,                idd Line 8,                        $idd$ Line 8
    32,                iqq Line 0,                        $iqq$ Line 0
    33,                iqq Line 1,                        $iqq$ Line 1
    34,                iqq Line 2,                        $iqq$ Line 2
    35,                iqq Line 3,                        $iqq$ Line 3
    36,                iqq Line 4,                        $iqq$ Line 4
    37,                iqq Line 5,                        $iqq$ Line 5
    38,                iqq Line 6,                        $iqq$ Line 6
    39,                iqq Line 7,                        $iqq$ Line 7
    40,                iqq Line 8,                        $iqq$ Line 8
