This is pdfTeX, Version 3.141592653-2.6-1.40.24 (MiKTeX 22.1) (preloaded format=pdflatex 2026.3.13)  22 APR 2026 16:56
entering extended mode
 restricted \write18 enabled.
 %&-line parsing enabled.
**./switched_dae_manifold.tex
(switched_dae_manifold.tex
LaTeX2e <2024-11-01> patch level 2
L3 programming layer <2025-01-18>

(/Users/aali27/Library/Application Support/MiKTeX/texmfs/install/tex/latex/stan
dalone/standalone.cls
Document Class: standalone 2022/10/10 v1.3b Class to compile TeX sub-files stan
dalone

(/Users/aali27/Library/Application Support/MiKTeX/texmfs/install/tex/latex/tool
s/shellesc.sty
Package: shellesc 2023/07/08 v1.0d unified shell escape interface for LaTeX
Package shellesc Info: Restricted shell escape enabled on input line 77.
)
(/Users/aali27/Library/Application Support/MiKTeX/texmfs/install/tex/generic/if
tex/ifluatex.sty
Package: ifluatex 2019/10/25 v1.5 ifluatex legacy package. Use iftex instead.

(/Users/aali27/Library/Application Support/MiKTeX/texmfs/install/tex/generic/if
tex/iftex.sty
Package: iftex 2024/12/12 v1.0g TeX engine tests
))
(/Users/aali27/Library/Application Support/MiKTeX/texmfs/install/tex/latex/xkey
val/xkeyval.sty
Package: xkeyval 2022/06/16 v2.9 package option processing (HA)

(/Users/aali27/Library/Application Support/MiKTeX/texmfs/install/tex/generic/xk
eyval/xkeyval.tex
(/Users/aali27/Library/Application Support/MiKTeX/texmfs/install/tex/generic/xk
eyval/xkvutils.tex
\XKV@toks=\toks17
\XKV@tempa@toks=\toks18

(/Users/aali27/Library/Application Support/MiKTeX/texmfs/install/tex/generic/xk
eyval/keyval.tex))
\XKV@depth=\count196
File: xkeyval.tex 2014/12/03 v2.7a key=value parser (HA)
))
\sa@internal=\count197
\c@sapage=\count198

(/Users/aali27/Library/Application Support/MiKTeX/texmfs/install/tex/latex/stan
dalone/standalone.cfg
File: standalone.cfg 2022/10/10 v1.3b Default configuration file for 'standalon
e' class
)
(/Users/aali27/Library/Application Support/MiKTeX/texmfs/install/tex/latex/base
/article.cls
Document Class: article 2024/06/29 v1.4n Standard LaTeX document class

(/Users/aali27/Library/Application Support/MiKTeX/texmfs/install/tex/latex/base
/size10.clo
File: size10.clo 2024/06/29 v1.4n Standard LaTeX file (size option)
)
\c@part=\count199
\c@section=\count266
\c@subsection=\count267
\c@subsubsection=\count268
\c@paragraph=\count269
\c@subparagraph=\count270
\c@figure=\count271
\c@table=\count272
\abovecaptionskip=\skip49
\belowcaptionskip=\skip50
\bibindent=\dimen141
)
\sa@box=\box52
)
(/Users/aali27/Library/Application Support/MiKTeX/texmfs/install/tex/latex/pgfp
lots/pgfplots.sty
(/Users/aali27/Library/Application Support/MiKTeX/texmfs/install/tex/generic/pg
fplots/pgfplots.revision.tex)
Package: pgfplots 2021/05/15 v1.18.1 Data Visualization (1.18.1)

(/Users/aali27/Library/Application Support/MiKTeX/texmfs/install/tex/latex/grap
hics/graphicx.sty
Package: graphicx 2021/09/16 v1.2d Enhanced LaTeX Graphics (DPC,SPQR)

(/Users/aali27/Library/Application Support/MiKTeX/texmfs/install/tex/latex/grap
hics/graphics.sty
Package: graphics 2024/08/06 v1.4g Standard LaTeX Graphics (DPC,SPQR)

(/Users/aali27/Library/Application Support/MiKTeX/texmfs/install/tex/latex/grap
hics/trig.sty
Package: trig 2023/12/02 v1.11 sin cos tan (DPC)
)
(/Users/aali27/Library/Application Support/MiKTeX/texmfs/install/tex/latex/grap
hics-cfg/graphics.cfg
File: graphics.cfg 2016/06/04 v1.11 sample graphics configuration
)
Package graphics Info: Driver file: pdftex.def on input line 106.

(/Users/aali27/Library/Application Support/MiKTeX/texmfs/install/tex/latex/grap
hics-def/pdftex.def
File: pdftex.def 2024/04/13 v1.2c Graphics/color driver for pdftex
))
\Gin@req@height=\dimen142
\Gin@req@width=\dimen143
)
(/Users/aali27/Library/Application Support/MiKTeX/texmfs/install/tex/latex/pgf/
frontendlayer/tikz.sty
(/Users/aali27/Library/Application Support/MiKTeX/texmfs/install/tex/latex/pgf/
basiclayer/pgf.sty
(/Users/aali27/Library/Application Support/MiKTeX/texmfs/install/tex/latex/pgf/
utilities/pgfrcs.sty
(/Users/aali27/Library/Application Support/MiKTeX/texmfs/install/tex/generic/pg
f/utilities/pgfutil-common.tex
\pgfutil@everybye=\toks19
\pgfutil@tempdima=\dimen144
\pgfutil@tempdimb=\dimen145
)
(/Users/aali27/Library/Application Support/MiKTeX/texmfs/install/tex/generic/pg
f/utilities/pgfutil-latex.def
\pgfutil@abb=\box53
)
(/Users/aali27/Library/Application Support/MiKTeX/texmfs/install/tex/generic/pg
f/utilities/pgfrcs.code.tex
(/Users/aali27/Library/Application Support/MiKTeX/texmfs/install/tex/generic/pg
f/pgf.revision.tex)
Package: pgfrcs 2023-01-15 v3.1.10 (3.1.10)
))
Package: pgf 2023-01-15 v3.1.10 (3.1.10)

(/Users/aali27/Library/Application Support/MiKTeX/texmfs/install/tex/latex/pgf/
basiclayer/pgfcore.sty
(/Users/aali27/Library/Application Support/MiKTeX/texmfs/install/tex/latex/pgf/
systemlayer/pgfsys.sty
(/Users/aali27/Library/Application Support/MiKTeX/texmfs/install/tex/generic/pg
f/systemlayer/pgfsys.code.tex
Package: pgfsys 2023-01-15 v3.1.10 (3.1.10)

(/Users/aali27/Library/Application Support/MiKTeX/texmfs/install/tex/generic/pg
f/utilities/pgfkeys.code.tex
\pgfkeys@pathtoks=\toks20
\pgfkeys@temptoks=\toks21

(/Users/aali27/Library/Application Support/MiKTeX/texmfs/install/tex/generic/pg
f/utilities/pgfkeyslibraryfiltered.code.tex
\pgfkeys@tmptoks=\toks22
))
\pgf@x=\dimen146
\pgf@y=\dimen147
\pgf@xa=\dimen148
\pgf@ya=\dimen149
\pgf@xb=\dimen150
\pgf@yb=\dimen151
\pgf@xc=\dimen152
\pgf@yc=\dimen153
\pgf@xd=\dimen154
\pgf@yd=\dimen155
\w@pgf@writea=\write3
\r@pgf@reada=\read2
\c@pgf@counta=\count273
\c@pgf@countb=\count274
\c@pgf@countc=\count275
\c@pgf@countd=\count276
\t@pgf@toka=\toks23
\t@pgf@tokb=\toks24
\t@pgf@tokc=\toks25
\pgf@sys@id@count=\count277

(/Users/aali27/Library/Application Support/MiKTeX/texmfs/install/tex/generic/pg
f/systemlayer/pgf.cfg
File: pgf.cfg 2023-01-15 v3.1.10 (3.1.10)
)
Driver file for pgf: pgfsys-pdftex.def

(/Users/aali27/Library/Application Support/MiKTeX/texmfs/install/tex/generic/pg
f/systemlayer/pgfsys-pdftex.def
File: pgfsys-pdftex.def 2023-01-15 v3.1.10 (3.1.10)

(/Users/aali27/Library/Application Support/MiKTeX/texmfs/install/tex/generic/pg
f/systemlayer/pgfsys-common-pdf.def
File: pgfsys-common-pdf.def 2023-01-15 v3.1.10 (3.1.10)
)))
(/Users/aali27/Library/Application Support/MiKTeX/texmfs/install/tex/generic/pg
f/systemlayer/pgfsyssoftpath.code.tex
File: pgfsyssoftpath.code.tex 2023-01-15 v3.1.10 (3.1.10)
\pgfsyssoftpath@smallbuffer@items=\count278
\pgfsyssoftpath@bigbuffer@items=\count279
)
(/Users/aali27/Library/Application Support/MiKTeX/texmfs/install/tex/generic/pg
f/systemlayer/pgfsysprotocol.code.tex
File: pgfsysprotocol.code.tex 2023-01-15 v3.1.10 (3.1.10)
))
(/Users/aali27/Library/Application Support/MiKTeX/texmfs/install/tex/latex/xcol
or/xcolor.sty
Package: xcolor 2024/09/29 v3.02 LaTeX color extensions (UK)

(/Users/aali27/Library/Application Support/MiKTeX/texmfs/install/tex/latex/grap
hics-cfg/color.cfg
File: color.cfg 2016/01/02 v1.6 sample color configuration
)
Package xcolor Info: Driver file: pdftex.def on input line 274.

(/Users/aali27/Library/Application Support/MiKTeX/texmfs/install/tex/latex/grap
hics/mathcolor.ltx)
Package xcolor Info: Model `cmy' substituted by `cmy0' on input line 1349.
Package xcolor Info: Model `hsb' substituted by `rgb' on input line 1353.
Package xcolor Info: Model `RGB' extended on input line 1365.
Package xcolor Info: Model `HTML' substituted by `rgb' on input line 1367.
Package xcolor Info: Model `Hsb' substituted by `hsb' on input line 1368.
Package xcolor Info: Model `tHsb' substituted by `hsb' on input line 1369.
Package xcolor Info: Model `HSB' substituted by `hsb' on input line 1370.
Package xcolor Info: Model `Gray' substituted by `gray' on input line 1371.
Package xcolor Info: Model `wave' substituted by `hsb' on input line 1372.
)
(/Users/aali27/Library/Application Support/MiKTeX/texmfs/install/tex/generic/pg
f/basiclayer/pgfcore.code.tex
Package: pgfcore 2023-01-15 v3.1.10 (3.1.10)

(/Users/aali27/Library/Application Support/MiKTeX/texmfs/install/tex/generic/pg
f/math/pgfmath.code.tex
(/Users/aali27/Library/Application Support/MiKTeX/texmfs/install/tex/generic/pg
f/math/pgfmathutil.code.tex)
(/Users/aali27/Library/Application Support/MiKTeX/texmfs/install/tex/generic/pg
f/math/pgfmathparser.code.tex
\pgfmath@dimen=\dimen156
\pgfmath@count=\count280
\pgfmath@box=\box54
\pgfmath@toks=\toks26
\pgfmath@stack@operand=\toks27
\pgfmath@stack@operation=\toks28
)
(/Users/aali27/Library/Application Support/MiKTeX/texmfs/install/tex/generic/pg
f/math/pgfmathfunctions.code.tex)
(/Users/aali27/Library/Application Support/MiKTeX/texmfs/install/tex/generic/pg
f/math/pgfmathfunctions.basic.code.tex)
(/Users/aali27/Library/Application Support/MiKTeX/texmfs/install/tex/generic/pg
f/math/pgfmathfunctions.trigonometric.code.tex)
(/Users/aali27/Library/Application Support/MiKTeX/texmfs/install/tex/generic/pg
f/math/pgfmathfunctions.random.code.tex)
(/Users/aali27/Library/Application Support/MiKTeX/texmfs/install/tex/generic/pg
f/math/pgfmathfunctions.comparison.code.tex)
(/Users/aali27/Library/Application Support/MiKTeX/texmfs/install/tex/generic/pg
f/math/pgfmathfunctions.base.code.tex)
(/Users/aali27/Library/Application Support/MiKTeX/texmfs/install/tex/generic/pg
f/math/pgfmathfunctions.round.code.tex)
(/Users/aali27/Library/Application Support/MiKTeX/texmfs/install/tex/generic/pg
f/math/pgfmathfunctions.misc.code.tex)
(/Users/aali27/Library/Application Support/MiKTeX/texmfs/install/tex/generic/pg
f/math/pgfmathfunctions.integerarithmetics.code.tex)
(/Users/aali27/Library/Application Support/MiKTeX/texmfs/install/tex/generic/pg
f/math/pgfmathcalc.code.tex)
(/Users/aali27/Library/Application Support/MiKTeX/texmfs/install/tex/generic/pg
f/math/pgfmathfloat.code.tex
\c@pgfmathroundto@lastzeros=\count281
))
(/Users/aali27/Library/Application Support/MiKTeX/texmfs/install/tex/generic/pg
f/math/pgfint.code.tex)
(/Users/aali27/Library/Application Support/MiKTeX/texmfs/install/tex/generic/pg
f/basiclayer/pgfcorepoints.code.tex
File: pgfcorepoints.code.tex 2023-01-15 v3.1.10 (3.1.10)
\pgf@picminx=\dimen157
\pgf@picmaxx=\dimen158
\pgf@picminy=\dimen159
\pgf@picmaxy=\dimen160
\pgf@pathminx=\dimen161
\pgf@pathmaxx=\dimen162
\pgf@pathminy=\dimen163
\pgf@pathmaxy=\dimen164
\pgf@xx=\dimen165
\pgf@xy=\dimen166
\pgf@yx=\dimen167
\pgf@yy=\dimen168
\pgf@zx=\dimen169
\pgf@zy=\dimen170
)
(/Users/aali27/Library/Application Support/MiKTeX/texmfs/install/tex/generic/pg
f/basiclayer/pgfcorepathconstruct.code.tex
File: pgfcorepathconstruct.code.tex 2023-01-15 v3.1.10 (3.1.10)
\pgf@path@lastx=\dimen171
\pgf@path@lasty=\dimen172
)
(/Users/aali27/Library/Application Support/MiKTeX/texmfs/install/tex/generic/pg
f/basiclayer/pgfcorepathusage.code.tex
File: pgfcorepathusage.code.tex 2023-01-15 v3.1.10 (3.1.10)
\pgf@shorten@end@additional=\dimen173
\pgf@shorten@start@additional=\dimen174
)
(/Users/aali27/Library/Application Support/MiKTeX/texmfs/install/tex/generic/pg
f/basiclayer/pgfcorescopes.code.tex
File: pgfcorescopes.code.tex 2023-01-15 v3.1.10 (3.1.10)
\pgfpic=\box55
\pgf@hbox=\box56
\pgf@layerbox@main=\box57
\pgf@picture@serial@count=\count282
)
(/Users/aali27/Library/Application Support/MiKTeX/texmfs/install/tex/generic/pg
f/basiclayer/pgfcoregraphicstate.code.tex
File: pgfcoregraphicstate.code.tex 2023-01-15 v3.1.10 (3.1.10)
\pgflinewidth=\dimen175
)
(/Users/aali27/Library/Application Support/MiKTeX/texmfs/install/tex/generic/pg
f/basiclayer/pgfcoretransformations.code.tex
File: pgfcoretransformations.code.tex 2023-01-15 v3.1.10 (3.1.10)
\pgf@pt@x=\dimen176
\pgf@pt@y=\dimen177
\pgf@pt@temp=\dimen178
)
(/Users/aali27/Library/Application Support/MiKTeX/texmfs/install/tex/generic/pg
f/basiclayer/pgfcorequick.code.tex
File: pgfcorequick.code.tex 2023-01-15 v3.1.10 (3.1.10)
)
(/Users/aali27/Library/Application Support/MiKTeX/texmfs/install/tex/generic/pg
f/basiclayer/pgfcoreobjects.code.tex
File: pgfcoreobjects.code.tex 2023-01-15 v3.1.10 (3.1.10)
)
(/Users/aali27/Library/Application Support/MiKTeX/texmfs/install/tex/generic/pg
f/basiclayer/pgfcorepathprocessing.code.tex
File: pgfcorepathprocessing.code.tex 2023-01-15 v3.1.10 (3.1.10)
)
(/Users/aali27/Library/Application Support/MiKTeX/texmfs/install/tex/generic/pg
f/basiclayer/pgfcorearrows.code.tex
File: pgfcorearrows.code.tex 2023-01-15 v3.1.10 (3.1.10)
\pgfarrowsep=\dimen179
)
(/Users/aali27/Library/Application Support/MiKTeX/texmfs/install/tex/generic/pg
f/basiclayer/pgfcoreshade.code.tex
File: pgfcoreshade.code.tex 2023-01-15 v3.1.10 (3.1.10)
\pgf@max=\dimen180
\pgf@sys@shading@range@num=\count283
\pgf@shadingcount=\count284
)
(/Users/aali27/Library/Application Support/MiKTeX/texmfs/install/tex/generic/pg
f/basiclayer/pgfcoreimage.code.tex
File: pgfcoreimage.code.tex 2023-01-15 v3.1.10 (3.1.10)
)
(/Users/aali27/Library/Application Support/MiKTeX/texmfs/install/tex/generic/pg
f/basiclayer/pgfcoreexternal.code.tex
File: pgfcoreexternal.code.tex 2023-01-15 v3.1.10 (3.1.10)
\pgfexternal@startupbox=\box58
)
(/Users/aali27/Library/Application Support/MiKTeX/texmfs/install/tex/generic/pg
f/basiclayer/pgfcorelayers.code.tex
File: pgfcorelayers.code.tex 2023-01-15 v3.1.10 (3.1.10)
)
(/Users/aali27/Library/Application Support/MiKTeX/texmfs/install/tex/generic/pg
f/basiclayer/pgfcoretransparency.code.tex
File: pgfcoretransparency.code.tex 2023-01-15 v3.1.10 (3.1.10)
)
(/Users/aali27/Library/Application Support/MiKTeX/texmfs/install/tex/generic/pg
f/basiclayer/pgfcorepatterns.code.tex
File: pgfcorepatterns.code.tex 2023-01-15 v3.1.10 (3.1.10)
)
(/Users/aali27/Library/Application Support/MiKTeX/texmfs/install/tex/generic/pg
f/basiclayer/pgfcorerdf.code.tex
File: pgfcorerdf.code.tex 2023-01-15 v3.1.10 (3.1.10)
)))
(/Users/aali27/Library/Application Support/MiKTeX/texmfs/install/tex/generic/pg
f/modules/pgfmoduleshapes.code.tex
File: pgfmoduleshapes.code.tex 2023-01-15 v3.1.10 (3.1.10)
\pgfnodeparttextbox=\box59
)
(/Users/aali27/Library/Application Support/MiKTeX/texmfs/install/tex/generic/pg
f/modules/pgfmoduleplot.code.tex
File: pgfmoduleplot.code.tex 2023-01-15 v3.1.10 (3.1.10)
)
(/Users/aali27/Library/Application Support/MiKTeX/texmfs/install/tex/latex/pgf/
compatibility/pgfcomp-version-0-65.sty
Package: pgfcomp-version-0-65 2023-01-15 v3.1.10 (3.1.10)
\pgf@nodesepstart=\dimen181
\pgf@nodesepend=\dimen182
)
(/Users/aali27/Library/Application Support/MiKTeX/texmfs/install/tex/latex/pgf/
compatibility/pgfcomp-version-1-18.sty
Package: pgfcomp-version-1-18 2023-01-15 v3.1.10 (3.1.10)
))
(/Users/aali27/Library/Application Support/MiKTeX/texmfs/install/tex/latex/pgf/
utilities/pgffor.sty
(/Users/aali27/Library/Application Support/MiKTeX/texmfs/install/tex/latex/pgf/
utilities/pgfkeys.sty
(/Users/aali27/Library/Application Support/MiKTeX/texmfs/install/tex/generic/pg
f/utilities/pgfkeys.code.tex))
(/Users/aali27/Library/Application Support/MiKTeX/texmfs/install/tex/latex/pgf/
math/pgfmath.sty
(/Users/aali27/Library/Application Support/MiKTeX/texmfs/install/tex/generic/pg
f/math/pgfmath.code.tex))
(/Users/aali27/Library/Application Support/MiKTeX/texmfs/install/tex/generic/pg
f/utilities/pgffor.code.tex
Package: pgffor 2023-01-15 v3.1.10 (3.1.10)
\pgffor@iter=\dimen183
\pgffor@skip=\dimen184
\pgffor@stack=\toks29
\pgffor@toks=\toks30
))
(/Users/aali27/Library/Application Support/MiKTeX/texmfs/install/tex/generic/pg
f/frontendlayer/tikz/tikz.code.tex
Package: tikz 2023-01-15 v3.1.10 (3.1.10)

(/Users/aali27/Library/Application Support/MiKTeX/texmfs/install/tex/generic/pg
f/libraries/pgflibraryplothandlers.code.tex
File: pgflibraryplothandlers.code.tex 2023-01-15 v3.1.10 (3.1.10)
\pgf@plot@mark@count=\count285
\pgfplotmarksize=\dimen185
)
\tikz@lastx=\dimen186
\tikz@lasty=\dimen187
\tikz@lastxsaved=\dimen188
\tikz@lastysaved=\dimen189
\tikz@lastmovetox=\dimen190
\tikz@lastmovetoy=\dimen191
\tikzleveldistance=\dimen192
\tikzsiblingdistance=\dimen193
\tikz@figbox=\box60
\tikz@figbox@bg=\box61
\tikz@tempbox=\box62
\tikz@tempbox@bg=\box63
\tikztreelevel=\count286
\tikznumberofchildren=\count287
\tikznumberofcurrentchild=\count288
\tikz@fig@count=\count289

(/Users/aali27/Library/Application Support/MiKTeX/texmfs/install/tex/generic/pg
f/modules/pgfmodulematrix.code.tex
File: pgfmodulematrix.code.tex 2023-01-15 v3.1.10 (3.1.10)
\pgfmatrixcurrentrow=\count290
\pgfmatrixcurrentcolumn=\count291
\pgf@matrix@numberofcolumns=\count292
)
\tikz@expandcount=\count293

(/Users/aali27/Library/Application Support/MiKTeX/texmfs/install/tex/generic/pg
f/frontendlayer/tikz/libraries/tikzlibrarytopaths.code.tex
File: tikzlibrarytopaths.code.tex 2023-01-15 v3.1.10 (3.1.10)
)))
(/Users/aali27/Library/Application Support/MiKTeX/texmfs/install/tex/generic/pg
fplots/pgfplots.code.tex
(/Users/aali27/Library/Application Support/MiKTeX/texmfs/install/tex/generic/pg
fplots/pgfplotscore.code.tex
\t@pgfplots@toka=\toks31
\t@pgfplots@tokb=\toks32
\t@pgfplots@tokc=\toks33
\pgfplots@tmpa=\dimen194
\c@pgfplots@coordindex=\count294
\c@pgfplots@scanlineindex=\count295

(/Users/aali27/Library/Application Support/MiKTeX/texmfs/install/tex/generic/pg
fplots/sys/pgfplotssysgeneric.code.tex))
(/Users/aali27/Library/Application Support/MiKTeX/texmfs/install/tex/generic/pg
fplots/libs/pgfplotslibrary.code.tex)
(/Users/aali27/Library/Application Support/MiKTeX/texmfs/install/tex/generic/pg
fplots/oldpgfcompatib/pgfplotsoldpgfsupp_loader.code.tex
(/Users/aali27/Library/Application Support/MiKTeX/texmfs/install/tex/generic/pg
f/libraries/pgflibraryfpu.code.tex)
Package pgfplots: loading complementary utilities for your pgf version...
\t@pgf@toka=\toks34
\t@pgf@tokb=\toks35
\t@pgf@tokc=\toks36

(/Users/aali27/Library/Application Support/MiKTeX/texmfs/install/tex/generic/pg
fplots/oldpgfcompatib/pgfplotsoldpgfsupp_pgfutil-common-lists.tex))
(/Users/aali27/Library/Application Support/MiKTeX/texmfs/install/tex/generic/pg
fplots/util/pgfplotsutil.code.tex
(/Users/aali27/Library/Application Support/MiKTeX/texmfs/install/tex/generic/pg
fplots/liststructure/pgfplotsliststructure.code.tex)
(/Users/aali27/Library/Application Support/MiKTeX/texmfs/install/tex/generic/pg
fplots/liststructure/pgfplotsliststructureext.code.tex)
(/Users/aali27/Library/Application Support/MiKTeX/texmfs/install/tex/generic/pg
fplots/liststructure/pgfplotsarray.code.tex
\c@pgfplotsarray@tmp=\count296
)
(/Users/aali27/Library/Application Support/MiKTeX/texmfs/install/tex/generic/pg
fplots/liststructure/pgfplotsmatrix.code.tex)
(/Users/aali27/Library/Application Support/MiKTeX/texmfs/install/tex/generic/pg
fplots/numtable/pgfplotstableshared.code.tex
\c@pgfplotstable@counta=\count297
\t@pgfplotstable@a=\toks37
)
(/Users/aali27/Library/Application Support/MiKTeX/texmfs/install/tex/generic/pg
fplots/liststructure/pgfplotsdeque.code.tex)
(/Users/aali27/Library/Application Support/MiKTeX/texmfs/install/tex/generic/pg
fplots/util/pgfplotsbinary.code.tex
(/Users/aali27/Library/Application Support/MiKTeX/texmfs/install/tex/generic/pg
fplots/util/pgfplotsbinary.data.code.tex))
(/Users/aali27/Library/Application Support/MiKTeX/texmfs/install/tex/generic/pg
fplots/util/pgfplotsutil.verb.code.tex)
(/Users/aali27/Library/Application Support/MiKTeX/texmfs/install/tex/generic/pg
fplots/libs/pgflibrarypgfplots.surfshading.code.tex
\c@pgfplotslibrarysurf@no=\count298

(/Users/aali27/Library/Application Support/MiKTeX/texmfs/install/tex/generic/pg
fplots/sys/pgflibrarypgfplots.surfshading.pgfsys-pdftex.def)))
(/Users/aali27/Library/Application Support/MiKTeX/texmfs/install/tex/generic/pg
fplots/util/pgfplotscolormap.code.tex
(/Users/aali27/Library/Application Support/MiKTeX/texmfs/install/tex/generic/pg
fplots/util/pgfplotscolor.code.tex))
(/Users/aali27/Library/Application Support/MiKTeX/texmfs/install/tex/generic/pg
fplots/pgfplotsstackedplots.code.tex)
(/Users/aali27/Library/Application Support/MiKTeX/texmfs/install/tex/generic/pg
fplots/pgfplotsplothandlers.code.tex
(/Users/aali27/Library/Application Support/MiKTeX/texmfs/install/tex/generic/pg
fplots/pgfplotsmeshplothandler.code.tex
(/Users/aali27/Library/Application Support/MiKTeX/texmfs/install/tex/generic/pg
fplots/pgfplotsmeshplotimage.code.tex)))
(/Users/aali27/Library/Application Support/MiKTeX/texmfs/install/tex/generic/pg
fplots/pgfplots.scaling.code.tex)
(/Users/aali27/Library/Application Support/MiKTeX/texmfs/install/tex/generic/pg
fplots/pgfplotscoordprocessing.code.tex)
(/Users/aali27/Library/Application Support/MiKTeX/texmfs/install/tex/generic/pg
fplots/pgfplots.errorbars.code.tex)
(/Users/aali27/Library/Application Support/MiKTeX/texmfs/install/tex/generic/pg
fplots/pgfplots.markers.code.tex)
(/Users/aali27/Library/Application Support/MiKTeX/texmfs/install/tex/generic/pg
fplots/pgfplotsticks.code.tex)
(/Users/aali27/Library/Application Support/MiKTeX/texmfs/install/tex/generic/pg
fplots/pgfplots.paths.code.tex)
(/Users/aali27/Library/Application Support/MiKTeX/texmfs/install/tex/generic/pg
f/frontendlayer/tikz/libraries/tikzlibrarydecorations.code.tex
(/Users/aali27/Library/Application Support/MiKTeX/texmfs/install/tex/generic/pg
f/modules/pgfmoduledecorations.code.tex
\pgfdecoratedcompleteddistance=\dimen195
\pgfdecoratedremainingdistance=\dimen196
\pgfdecoratedinputsegmentcompleteddistance=\dimen197
\pgfdecoratedinputsegmentremainingdistance=\dimen198
\pgf@decorate@distancetomove=\dimen199
\pgf@decorate@repeatstate=\count299
\pgfdecorationsegmentamplitude=\dimen256
\pgfdecorationsegmentlength=\dimen257
)
\tikz@lib@dec@box=\box64
)
(/Users/aali27/Library/Application Support/MiKTeX/texmfs/install/tex/generic/pg
f/frontendlayer/tikz/libraries/tikzlibrarydecorations.pathmorphing.code.tex
(/Users/aali27/Library/Application Support/MiKTeX/texmfs/install/tex/generic/pg
f/libraries/decorations/pgflibrarydecorations.pathmorphing.code.tex))
(/Users/aali27/Library/Application Support/MiKTeX/texmfs/install/tex/generic/pg
f/frontendlayer/tikz/libraries/tikzlibrarydecorations.pathreplacing.code.tex
(/Users/aali27/Library/Application Support/MiKTeX/texmfs/install/tex/generic/pg
f/libraries/decorations/pgflibrarydecorations.pathreplacing.code.tex))
(/Users/aali27/Library/Application Support/MiKTeX/texmfs/install/tex/generic/pg
fplots/libs/tikzlibrarypgfplots.contourlua.code.tex)
\pgfplots@numplots=\count300
\pgfplots@xmin@reg=\dimen258
\pgfplots@xmax@reg=\dimen259
\pgfplots@ymin@reg=\dimen260
\pgfplots@ymax@reg=\dimen261
\pgfplots@zmin@reg=\dimen262
\pgfplots@zmax@reg=\dimen263
)
(/Users/aali27/Library/Application Support/MiKTeX/texmfs/install/tex/generic/pg
f/frontendlayer/tikz/libraries/tikzlibraryplotmarks.code.tex
File: tikzlibraryplotmarks.code.tex 2023-01-15 v3.1.10 (3.1.10)

(/Users/aali27/Library/Application Support/MiKTeX/texmfs/install/tex/generic/pg
f/libraries/pgflibraryplotmarks.code.tex
File: pgflibraryplotmarks.code.tex 2023-01-15 v3.1.10 (3.1.10)
)))
(/Users/aali27/Library/Application Support/MiKTeX/texmfs/install/tex/generic/pg
f/libraries/pgflibraryarrows.meta.code.tex
File: pgflibraryarrows.meta.code.tex 2023-01-15 v3.1.10 (3.1.10)
\pgfarrowinset=\dimen264
\pgfarrowlength=\dimen265
\pgfarrowwidth=\dimen266
\pgfarrowlinewidth=\dimen267
)
(/Users/aali27/Library/Application Support/MiKTeX/texmfs/install/tex/generic/pg
f/frontendlayer/tikz/libraries/tikzlibrarydecorations.markings.code.tex
(/Users/aali27/Library/Application Support/MiKTeX/texmfs/install/tex/generic/pg
f/libraries/decorations/pgflibrarydecorations.markings.code.tex))
(/Users/aali27/Library/Application Support/MiKTeX/texmfs/install/tex/latex/amsm
ath/amsmath.sty
Package: amsmath 2024/11/05 v2.17t AMS math features
\@mathmargin=\skip51

For additional information on amsmath, use the `?' option.

(/Users/aali27/Library/Application Support/MiKTeX/texmfs/install/tex/latex/amsm
ath/amstext.sty
Package: amstext 2021/08/26 v2.01 AMS text

(/Users/aali27/Library/Application Support/MiKTeX/texmfs/install/tex/latex/amsm
ath/amsgen.sty
File: amsgen.sty 1999/11/30 v2.0 generic functions
\@emptytoks=\toks38
\ex@=\dimen268
))
(/Users/aali27/Library/Application Support/MiKTeX/texmfs/install/tex/latex/amsm
ath/amsbsy.sty
Package: amsbsy 1999/11/29 v1.2d Bold Symbols
\pmbraise@=\dimen269
)
(/Users/aali27/Library/Application Support/MiKTeX/texmfs/install/tex/latex/amsm
ath/amsopn.sty
Package: amsopn 2022/04/08 v2.04 operator names
)
\inf@bad=\count301
LaTeX Info: Redefining \frac on input line 233.
\uproot@=\count302
\leftroot@=\count303
LaTeX Info: Redefining \overline on input line 398.
LaTeX Info: Redefining \colon on input line 409.
\classnum@=\count304
\DOTSCASE@=\count305
LaTeX Info: Redefining \ldots on input line 495.
LaTeX Info: Redefining \dots on input line 498.
LaTeX Info: Redefining \cdots on input line 619.
\Mathstrutbox@=\box65
\strutbox@=\box66
LaTeX Info: Redefining \big on input line 721.
LaTeX Info: Redefining \Big on input line 722.
LaTeX Info: Redefining \bigg on input line 723.
LaTeX Info: Redefining \Bigg on input line 724.
\big@size=\dimen270
LaTeX Font Info:    Redeclaring font encoding OML on input line 742.
LaTeX Font Info:    Redeclaring font encoding OMS on input line 743.
\macc@depth=\count306
LaTeX Info: Redefining \bmod on input line 904.
LaTeX Info: Redefining \pmod on input line 909.
LaTeX Info: Redefining \smash on input line 939.
LaTeX Info: Redefining \relbar on input line 969.
LaTeX Info: Redefining \Relbar on input line 970.
\c@MaxMatrixCols=\count307
\dotsspace@=\muskip17
\c@parentequation=\count308
\dspbrk@lvl=\count309
\tag@help=\toks39
\row@=\count310
\column@=\count311
\maxfields@=\count312
\andhelp@=\toks40
\eqnshift@=\dimen271
\alignsep@=\dimen272
\tagshift@=\dimen273
\tagwidth@=\dimen274
\totwidth@=\dimen275
\lineht@=\dimen276
\@envbody=\toks41
\multlinegap=\skip52
\multlinetaggap=\skip53
\mathdisplay@stack=\toks42
LaTeX Info: Redefining \[ on input line 2953.
LaTeX Info: Redefining \] on input line 2954.
)
(/Users/aali27/Library/Application Support/MiKTeX/texmfs/install/tex/latex/amsf
onts/amssymb.sty
Package: amssymb 2013/01/14 v3.01 AMS font symbols

(/Users/aali27/Library/Application Support/MiKTeX/texmfs/install/tex/latex/amsf
onts/amsfonts.sty
Package: amsfonts 2013/01/14 v3.01 Basic AMSFonts support
\symAMSa=\mathgroup4
\symAMSb=\mathgroup5
LaTeX Font Info:    Redeclaring math symbol \hbar on input line 98.
LaTeX Font Info:    Overwriting math alphabet `\mathfrak' in version `bold'
(Font)                  U/euf/m/n --> U/euf/b/n on input line 106.
))
(/Users/aali27/Library/Application Support/MiKTeX/texmfs/install/tex/latex/l3ba
ckend/l3backend-pdftex.def
File: l3backend-pdftex.def 2024-05-08 L3 backend support: PDF output (pdfTeX)
\l__color_backend_stack_int=\count313
\l__pdf_internal_box=\box67
) (switched_dae_manifold.aux)
\openout1 = `switched_dae_manifold.aux'.

LaTeX Font Info:    Checking defaults for OML/cmm/m/it on input line 7.
LaTeX Font Info:    ... okay on input line 7.
LaTeX Font Info:    Checking defaults for OMS/cmsy/m/n on input line 7.
LaTeX Font Info:    ... okay on input line 7.
LaTeX Font Info:    Checking defaults for OT1/cmr/m/n on input line 7.
LaTeX Font Info:    ... okay on input line 7.
LaTeX Font Info:    Checking defaults for T1/cmr/m/n on input line 7.
LaTeX Font Info:    ... okay on input line 7.
LaTeX Font Info:    Checking defaults for TS1/cmr/m/n on input line 7.
LaTeX Font Info:    ... okay on input line 7.
LaTeX Font Info:    Checking defaults for OMX/cmex/m/n on input line 7.
LaTeX Font Info:    ... okay on input line 7.
LaTeX Font Info:    Checking defaults for U/cmr/m/n on input line 7.
LaTeX Font Info:    ... okay on input line 7.

(/Users/aali27/Library/Application Support/MiKTeX/texmfs/install/tex/context/ba
se/mkii/supp-pdf.mkii
[Loading MPS to PDF converter (version 2006.09.02).]
\scratchcounter=\count314
\scratchdimen=\dimen277
\scratchbox=\box68
\nofMPsegments=\count315
\nofMParguments=\count316
\everyMPshowfont=\toks43
\MPscratchCnt=\count317
\MPscratchDim=\dimen278
\MPnumerator=\count318
\makeMPintoPDFobject=\count319
\everyMPtoPDFconversion=\toks44
)
(/Users/aali27/Library/Application Support/MiKTeX/texmfs/install/tex/latex/epst
opdf-pkg/epstopdf-base.sty
Package: epstopdf-base 2020-01-24 v2.11 Base part for package epstopdf
Package epstopdf-base Info: Redefining graphics rule for `.eps' on input line 4
85.

(/Users/aali27/Library/Application Support/MiKTeX/texmfs/install/tex/latex/00mi
ktex/epstopdf-sys.cfg
File: epstopdf-sys.cfg 2021/03/18 v2.0 Configuration of epstopdf for MiKTeX
))
Package pgfplots notification 'compat/show suggested version=true': document ha
s been generated with the most recent feature set (\pgfplotsset{compat=1.18}).

LaTeX Font Info:    Trying to load font information for U+msa on input line 103
.

(/Users/aali27/Library/Application Support/MiKTeX/texmfs/install/tex/latex/amsf
onts/umsa.fd
File: umsa.fd 2013/01/14 v3.01 AMS symbols A
)
LaTeX Font Info:    Trying to load font information for U+msb on input line 103
.

(/Users/aali27/Library/Application Support/MiKTeX/texmfs/install/tex/latex/amsf
onts/umsb.fd
File: umsb.fd 2013/01/14 v3.01 AMS symbols B
)

[1

{/Users/aali27/Library/Application Support/MiKTeX/texmfs/data/fonts/map/pdftex/
pdftex.map}] (switched_dae_manifold.aux)
 ***********
LaTeX2e <2024-11-01> patch level 2
L3 programming layer <2025-01-18>
 ***********
 ) 
Here is how much of TeX's memory you used:
 24529 strings out of 473530
 648745 string characters out of 5705630
 1308574 words of memory out of 5000000
 47367 multiletter control sequences out of 15000+600000
 565672 words of font info for 63 fonts, out of 8000000 for 9000
 1141 hyphenation exceptions out of 8191
 99i,10n,105p,744b,2325s stack positions out of 10000i,1000n,20000p,200000b,200000s
</Users/aali27/Library/Application Support/MiKTeX/texmfs/install/fonts/type1/
public/amsfonts/cm/cmmi6.pfb></Users/aali27/Library/Application Support/MiKTeX/
texmfs/install/fonts/type1/public/amsfonts/cm/cmmi9.pfb></Users/aali27/Library/
Application Support/MiKTeX/texmfs/install/fonts/type1/public/amsfonts/cm/cmr6.p
fb></Users/aali27/Library/Application Support/MiKTeX/texmfs/install/fonts/type1
/public/amsfonts/cm/cmr7.pfb></Users/aali27/Library/Application Support/MiKTeX/
texmfs/install/fonts/type1/public/amsfonts/cm/cmr8.pfb></Users/aali27/Library/A
pplication Support/MiKTeX/texmfs/install/fonts/type1/public/amsfonts/cm/cmr9.pf
b></Users/aali27/Library/Application Support/MiKTeX/texmfs/install/fonts/type1/
public/amsfonts/cm/cmsy10.pfb></Users/aali27/Library/Application Support/MiKTeX
/texmfs/install/fonts/type1/public/amsfonts/cm/cmsy6.pfb></Users/aali27/Library
/Application Support/MiKTeX/texmfs/install/fonts/type1/public/amsfonts/cm/cmsy8
.pfb>
Output written on switched_dae_manifold.pdf (1 page, 93293 bytes).
PDF statistics:
 54 PDF objects out of 1000 (max. 8388607)
 0 named destinations out of 1000 (max. 500000)
 13 words of extra memory for PDF output out of 10000 (max. 10000000)

