     0,                  Time [s],                            Time [s]
     1,     delta GENCLS GENROU 2,            $\delta$ GENCLS GENROU 2
     2,     delta GENCLS GENROU 3,            $\delta$ GENCLS GENROU 3
     3,     delta GENCLS GENROU 4,            $\delta$ GENCLS GENROU 4
     4,     delta GENCLS GENROU 5,            $\delta$ GENCLS GENROU 5
     5,     omega GENCLS GENROU 2,            $\omega$ GENCLS GENROU 2
     6,     omega GENCLS GENROU 3,            $\omega$ GENCLS GENROU 3
     7,     omega GENCLS GENROU 4,            $\omega$ GENCLS GENROU 4
     8,     omega GENCLS GENROU 5,            $\omega$ GENCLS GENROU 5
     9,             L_y BusFreq 1,                   $y_{L}$ BusFreq 1
    10,             L_y BusFreq 2,                   $y_{L}$ BusFreq 2
    11,             L_y BusFreq 3,                   $y_{L}$ BusFreq 3
    12,            WO_x BusFreq 1,                 $x'_{WO}$ BusFreq 1
    13,            WO_x BusFreq 2,                 $x'_{WO}$ BusFreq 2
    14,            WO_x BusFreq 3,                 $x'_{WO}$ BusFreq 3
    15,                   a Bus 1,                      $\theta$ Bus 1
    16,                   a Bus 2,                      $\theta$ Bus 2
    17,                   a Bus 3,                      $\theta$ Bus 3
    18,                   a Bus 4,                      $\theta$ Bus 4
    19,                   a Bus 5,                      $\theta$ Bus 5
    20,                   a Bus 6,                      $\theta$ Bus 6
    21,                   a Bus 7,                      $\theta$ Bus 7
    22,                   a Bus 8,                      $\theta$ Bus 8
    23,                   a Bus 9,                      $\theta$ Bus 9
    24,                  a Bus 10,                     $\theta$ Bus 10
    25,                  a Bus 11,                     $\theta$ Bus 11
    26,                  a Bus 12,                     $\theta$ Bus 12
    27,                  a Bus 13,                     $\theta$ Bus 13
    28,                  a Bus 14,                     $\theta$ Bus 14
    29,                   v Bus 1,                           $V$ Bus 1
    30,                   v Bus 2,                           $V$ Bus 2
    31,                   v Bus 3,                           $V$ Bus 3
    32,                   v Bus 4,                           $V$ Bus 4
    33,                   v Bus 5,                           $V$ Bus 5
    34,                   v Bus 6,                           $V$ Bus 6
    35,                   v Bus 7,                           $V$ Bus 7
    36,                   v Bus 8,                           $V$ Bus 8
    37,                   v Bus 9,                           $V$ Bus 9
    38,                  v Bus 10,                          $V$ Bus 10
    39,                  v Bus 11,                          $V$ Bus 11
    40,                  v Bus 12,                          $V$ Bus 12
    41,                  v Bus 13,                          $V$ Bus 13
    42,                  v Bus 14,                          $V$ Bus 14
    43,                    q PV 2,                            $q$ PV 2
    44,                    q PV 3,                            $q$ PV 3
    45,                    q PV 4,                            $q$ PV 4
    46,                    q PV 5,                            $q$ PV 5
    47,                 q Slack 1,                         $q$ Slack 1
    48,                 p Slack 1,                         $p$ Slack 1
    49,        Id GENCLS GENROU 2,               $I_d$ GENCLS GENROU 2
    50,        Id GENCLS GENROU 3,               $I_d$ GENCLS GENROU 3
    51,        Id GENCLS GENROU 4,               $I_d$ GENCLS GENROU 4
    52,        Id GENCLS GENROU 5,               $I_d$ GENCLS GENROU 5
    53,        Iq GENCLS GENROU 2,               $I_q$ GENCLS GENROU 2
    54,        Iq GENCLS GENROU 3,               $I_q$ GENCLS GENROU 3
    55,        Iq GENCLS GENROU 4,               $I_q$ GENCLS GENROU 4
    56,        Iq GENCLS GENROU 5,               $I_q$ GENCLS GENROU 5
    57,        vd GENCLS GENROU 2,               $V_d$ GENCLS GENROU 2
    58,        vd GENCLS GENROU 3,               $V_d$ GENCLS GENROU 3
    59,        vd GENCLS GENROU 4,               $V_d$ GENCLS GENROU 4
    60,        vd GENCLS GENROU 5,               $V_d$ GENCLS GENROU 5
    61,        vq GENCLS GENROU 2,               $V_q$ GENCLS GENROU 2
    62,        vq GENCLS GENROU 3,               $V_q$ GENCLS GENROU 3
    63,        vq GENCLS GENROU 4,               $V_q$ GENCLS GENROU 4
    64,        vq GENCLS GENROU 5,               $V_q$ GENCLS GENROU 5
    65,        tm GENCLS GENROU 2,            $\tau_m$ GENCLS GENROU 2
    66,        tm GENCLS GENROU 3,            $\tau_m$ GENCLS GENROU 3
    67,        tm GENCLS GENROU 4,            $\tau_m$ GENCLS GENROU 4
    68,        tm GENCLS GENROU 5,            $\tau_m$ GENCLS GENROU 5
    69,        te GENCLS GENROU 2,            $\tau_e$ GENCLS GENROU 2
    70,        te GENCLS GENROU 3,            $\tau_e$ GENCLS GENROU 3
    71,        te GENCLS GENROU 4,            $\tau_e$ GENCLS GENROU 4
    72,        te GENCLS GENROU 5,            $\tau_e$ GENCLS GENROU 5
    73,        vf GENCLS GENROU 2,               $v_f$ GENCLS GENROU 2
    74,        vf GENCLS GENROU 3,               $v_f$ GENCLS GENROU 3
    75,        vf GENCLS GENROU 4,               $v_f$ GENCLS GENROU 4
    76,        vf GENCLS GENROU 5,               $v_f$ GENCLS GENROU 5
    77,    XadIfd GENCLS GENROU 2,      $X_{ad}I_{fd}$ GENCLS GENROU 2
    78,    XadIfd GENCLS GENROU 3,      $X_{ad}I_{fd}$ GENCLS GENROU 3
    79,    XadIfd GENCLS GENROU 4,      $X_{ad}I_{fd}$ GENCLS GENROU 4
    80,    XadIfd GENCLS GENROU 5,      $X_{ad}I_{fd}$ GENCLS GENROU 5
    81,        Pe GENCLS GENROU 2,               $P_e$ GENCLS GENROU 2
    82,        Pe GENCLS GENROU 3,               $P_e$ GENCLS GENROU 3
    83,        Pe GENCLS GENROU 4,               $P_e$ GENCLS GENROU 4
    84,        Pe GENCLS GENROU 5,               $P_e$ GENCLS GENROU 5
    85,        Qe GENCLS GENROU 2,               $Q_e$ GENCLS GENROU 2
    86,        Qe GENCLS GENROU 3,               $Q_e$ GENCLS GENROU 3
    87,        Qe GENCLS GENROU 4,               $Q_e$ GENCLS GENROU 4
    88,        Qe GENCLS GENROU 5,               $Q_e$ GENCLS GENROU 5
    89,      psid GENCLS GENROU 2,            $\psi_d$ GENCLS GENROU 2
    90,      psid GENCLS GENROU 3,            $\psi_d$ GENCLS GENROU 3
    91,      psid GENCLS GENROU 4,            $\psi_d$ GENCLS GENROU 4
    92,      psid GENCLS GENROU 5,            $\psi_d$ GENCLS GENROU 5
    93,      psiq GENCLS GENROU 2,            $\psi_q$ GENCLS GENROU 2
    94,      psiq GENCLS GENROU 3,            $\psi_q$ GENCLS GENROU 3
    95,      psiq GENCLS GENROU 4,            $\psi_q$ GENCLS GENROU 4
    96,      psiq GENCLS GENROU 5,            $\psi_q$ GENCLS GENROU 5
    97,            WO_y BusFreq 1,                  $y_{WO}$ BusFreq 1
    98,            WO_y BusFreq 2,                  $y_{WO}$ BusFreq 2
    99,            WO_y BusFreq 3,                  $y_{WO}$ BusFreq 3
   100,               f BusFreq 1,                       $f$ BusFreq 1
   101,               f BusFreq 2,                       $f$ BusFreq 2
   102,               f BusFreq 3,                       $f$ BusFreq 3
